Component: ARM Compiler 5.06 update 6 (build 750) Tool: armlink [4d35ed]

==============================================================================

Section Cross References

    main.o(i.TIM7_IRQHandler) refers to main.o(.data) for milliSec
    main.o(i.TIM8_BRK_TIM12_IRQHandler) refers to main.o(.data) for capt_new
    main.o(i.main) refers to _printf_pad.o(.text) for _printf_pre_padding
    main.o(i.main) refers to _printf_percent.o(.ARM.Collect$$_printf_percent$$00000000) for _printf_percent
    main.o(i.main) refers to _printf_d.o(.ARM.Collect$$_printf_percent$$00000009) for _printf_d
    main.o(i.main) refers to _printf_dec.o(.text) for _printf_int_dec
    main.o(i.main) refers to _mcpr_stm32f407.o(i.mcpr_SetSystemCoreClock) for mcpr_SetSystemCoreClock
    main.o(i.main) refers to leds.o(i.led_Init) for led_Init
    main.o(i.main) refers to display.o(i.lcd_PortInit) for lcd_PortInit
    main.o(i.main) refers to display.o(i.lcd_Init) for lcd_Init
    main.o(i.main) refers to display.o(i.lcd_ClearDisplay) for lcd_ClearDisplay
    main.o(i.main) refers to keyboard.o(i.keyboard_Init) for keyboard_Init
    main.o(i.main) refers to timer.o(i.timer7_Init) for timer7_Init
    main.o(i.main) refers to frequency.o(i.timer12_Init) for timer12_Init
    main.o(i.main) refers to frequency.o(i.timer12_CounterInit) for timer12_CounterInit
    main.o(i.main) refers to frequency.o(i.timer12_CheckCounter) for timer12_CheckCounter
    main.o(i.main) refers to frequency.o(i.timer12_CaptureInit) for timer12_CaptureInit
    main.o(i.main) refers to frequency.o(i.timer12_CheckCapture) for timer12_CheckCapture
    main.o(i.main) refers to noretval__2sprintf.o(.text) for __2sprintf
    main.o(i.main) refers to display.o(i.lcd_WriteString) for lcd_WriteString
    main.o(i.main) refers to keyboard.o(i.keyboard_Read) for keyboard_Read
    main.o(i.main) refers to leds.o(i.led_Write) for led_Write
    main.o(i.main) refers to keyboard.o(i.keyboard_Check) for keyboard_Check
    main.o(i.main) refers to timer.o(i.timer7_CheckLed) for timer7_CheckLed
    main.o(i.main) refers to timer.o(i.timer7_CheckBackground) for timer7_CheckBackground
    main.o(i.main) refers to main.o(.data) for milliSec
    _mcpr_stm32f407.o(i.mcpr_ConfigSystemTick) refers to system_stm32f4xx.o(.data) for SystemCoreClock
    _mcpr_stm32f407.o(i.mcpr_SetSysClock) refers to system_stm32f4xx.o(.data) for SystemCoreClock
    _mcpr_stm32f407.o(i.mcpr_SetSysClockTick) refers to _mcpr_stm32f407.o(i.mcpr_SetSystemCoreClock) for mcpr_SetSystemCoreClock
    _mcpr_stm32f407.o(i.mcpr_SetSysClockTick) refers to _mcpr_stm32f407.o(i.mcpr_ConfigSystemTick) for mcpr_ConfigSystemTick
    _mcpr_stm32f407.o(i.mcpr_SetSystemCoreClock) refers to _mcpr_stm32f407.o(i.mcpr_SetSysClock) for mcpr_SetSysClock
    _mcpr_stm32f407.o(i.mcpr_SetSystemCoreClock) refers to system_stm32f4xx.o(i.SystemCoreClockUpdate) for SystemCoreClockUpdate
    blinky.o(i.blinky_Main) refers to blinky.o(i.u_Delay) for u_Delay
    leds.o(i.led_Main) refers to dflt_clz.o(x$fpl$dflt) for __aeabi_i2d
    leds.o(i.led_Main) refers to pow.o(i.__hardfp_pow) for __hardfp_pow
    leds.o(i.led_Main) refers to dfixu.o(x$fpl$dfixu) for __aeabi_d2uiz
    leds.o(i.led_Main) refers to leds.o(i.led_Write) for led_Write
    leds.o(i.led_Main) refers to blinky.o(i.u_Delay) for u_Delay
    leds.o(i.led_Write) refers to leds.o(i.led_Output16BitWord) for led_Output16BitWord
    display.o(i.lcd_ClearDisplay) refers to display.o(i.lcd_SetCursor) for lcd_SetCursor
    display.o(i.lcd_ClearDisplay) refers to display.o(i.lcd_WriteCommand) for lcd_WriteCommand
    display.o(i.lcd_ClearDisplay) refers to display.o(i.lcd_WriteData) for lcd_WriteData
    display.o(i.lcd_DrawPixel) refers to display.o(i.lcd_WriteReg) for lcd_WriteReg
    display.o(i.lcd_Init) refers to display.o(i.lcd_Reset) for lcd_Reset
    display.o(i.lcd_Init) refers to display.o(i.lcd_WriteReg) for lcd_WriteReg
    display.o(i.lcd_Init) refers to blinky.o(i.u_Delay) for u_Delay
    display.o(i.lcd_Reset) refers to blinky.o(i.u_Delay) for u_Delay
    display.o(i.lcd_SetCursor) refers to display.o(i.lcd_WriteReg) for lcd_WriteReg
    display.o(i.lcd_WriteCommand) refers to display.o(i.lcd_Output16BitWord) for lcd_Output16BitWord
    display.o(i.lcd_WriteData) refers to display.o(i.lcd_Output16BitWord) for lcd_Output16BitWord
    display.o(i.lcd_WriteLetter) refers to display.o(i.lcd_SetCursor) for lcd_SetCursor
    display.o(i.lcd_WriteLetter) refers to display.o(i.lcd_DrawPixel) for lcd_DrawPixel
    display.o(i.lcd_WriteLetter) refers to display.o(.constdata) for console_font_12x16
    display.o(i.lcd_WriteReg) refers to display.o(i.lcd_WriteCommand) for lcd_WriteCommand
    display.o(i.lcd_WriteReg) refers to display.o(i.lcd_WriteData) for lcd_WriteData
    display.o(i.lcd_WriteString) refers to display.o(i.lcd_WriteLetter) for lcd_WriteLetter
[...]
    pow.o(i.__hardfp_pow) refers to dunder.o(i.__mathlib_dbl_divzero) for __mathlib_dbl_divzero
    pow.o(i.__hardfp_pow) refers to basic.o(x$fpl$basic) for __aeabi_dneg
    pow.o(i.__hardfp_pow) refers to dunder.o(i.__mathlib_dbl_overflow) for __mathlib_dbl_overflow
    pow.o(i.__hardfp_pow) refers to ddiv.o(x$fpl$ddiv) for __aeabi_ddiv
    pow.o(i.__hardfp_pow) refers to sqrt.o(i.sqrt) for sqrt
    pow.o(i.__hardfp_pow) refers to fabs.o(i.fabs) for fabs
    pow.o(i.__hardfp_pow) refers to dflt_clz.o(x$fpl$dflt) for __aeabi_i2d
    pow.o(i.__hardfp_pow) refers to dunder.o(i.__mathlib_dbl_invalid) for __mathlib_dbl_invalid
    pow.o(i.__hardfp_pow) refers to dmul.o(x$fpl$dmul) for __aeabi_dmul
    pow.o(i.__hardfp_pow) refers to dunder.o(i.__mathlib_dbl_underflow) for __mathlib_dbl_underflow
    pow.o(i.__hardfp_pow) refers to daddsub_clz.o(x$fpl$dsub) for __aeabi_dsub
    pow.o(i.__hardfp_pow) refers to daddsub_clz.o(x$fpl$drsb) for __aeabi_drsub
    pow.o(i.__hardfp_pow) refers to qnan.o(.constdata) for __mathlib_zero
    pow.o(i.__hardfp_pow) refers to daddsub_clz.o(x$fpl$dadd) for __aeabi_dadd
    pow.o(i.__hardfp_pow) refers to poly.o(i.__kernel_poly) for __kernel_poly
    pow.o(i.__hardfp_pow) refers to pow.o(.constdata) for .constdata
    pow.o(i.__hardfp_pow) refers to drleqf.o(x$fpl$drleqf) for __aeabi_cdrcmple
    pow.o(i.__hardfp_pow) refers to scalbn.o(x$fpl$scalbn) for __ARM_scalbn
    pow.o(i.__hardfp_pow) refers to fpclassify.o(i.__ARM_fpclassify) for __ARM_fpclassify
    pow.o(i.__softfp_pow) refers (Special) to usenofp.o(x$fpl$usenofp) for __I$use$fp
    pow.o(i.__softfp_pow) refers to pow.o(i.__hardfp_pow) for __hardfp_pow
    pow.o(i.pow) refers (Special) to usenofp.o(x$fpl$usenofp) for __I$use$fp
    pow.o(i.pow) refers to pow.o(i.__hardfp_pow) for __hardfp_pow
    pow.o(.constdata) refers (Special) to usenofp.o(x$fpl$usenofp) for __I$use$fp
    pow_x.o(i.____hardfp_pow$lsc) refers (Special) to usenofp.o(x$fpl$usenofp) for __I$use$fp
    pow_x.o(i.____hardfp_pow$lsc) refers to dunder.o(i.__mathlib_dbl_infnan2) for __mathlib_dbl_infnan2
    pow_x.o(i.____hardfp_pow$lsc) refers to _rserrno.o(.text) for __set_errno
    pow_x.o(i.____hardfp_pow$lsc) refers to basic.o(x$fpl$basic) for __aeabi_dneg
    pow_x.o(i.____hardfp_pow$lsc) refers to ddiv.o(x$fpl$ddiv) for __aeabi_ddiv
    pow_x.o(i.____hardfp_pow$lsc) refers to sqrt.o(i.sqrt) for sqrt
    pow_x.o(i.____hardfp_pow$lsc) refers to fabs.o(i.fabs) for fabs
    pow_x.o(i.____hardfp_pow$lsc) refers to dflt_clz.o(x$fpl$dflt) for __aeabi_i2d
    pow_x.o(i.____hardfp_pow$lsc) refers to dmul.o(x$fpl$dmul) for __aeabi_dmul
    pow_x.o(i.____hardfp_pow$lsc) refers to daddsub_clz.o(x$fpl$dsub) for __aeabi_dsub
    pow_x.o(i.____hardfp_pow$lsc) refers to daddsub_clz.o(x$fpl$drsb) for __aeabi_drsub
    pow_x.o(i.____hardfp_pow$lsc) refers to qnan.o(.constdata) for __mathlib_zero
    pow_x.o(i.____hardfp_pow$lsc) refers to daddsub_clz.o(x$fpl$dadd) for __aeabi_dadd
    pow_x.o(i.____hardfp_pow$lsc) refers to poly.o(i.__kernel_poly) for __kernel_poly
    pow_x.o(i.____hardfp_pow$lsc) refers to pow_x.o(.constdata) for .constdata
    pow_x.o(i.____hardfp_pow$lsc) refers to drleqf.o(x$fpl$drleqf) for __aeabi_cdrcmple
    pow_x.o(i.____hardfp_pow$lsc) refers to scalbn.o(x$fpl$scalbn) for __ARM_scalbn
    pow_x.o(i.____softfp_pow$lsc) refers (Special) to usenofp.o(x$fpl$usenofp) for __I$use$fp
    pow_x.o(i.____softfp_pow$lsc) refers to pow_x.o(i.____hardfp_pow$lsc) for ____hardfp_pow$lsc
    pow_x.o(i.__pow$lsc) refers (Special) to usenofp.o(x$fpl$usenofp) for __I$use$fp
    pow_x.o(i.__pow$lsc) refers to pow_x.o(i.____hardfp_pow$lsc) for ____hardfp_pow$lsc
    pow_x.o(.constdata) refers (Special) to usenofp.o(x$fpl$usenofp) for __I$use$fp
    __rtentry.o(.ARM.Collect$$rtentry$$00000000) refers (Special) to __rtentry2.o(.ARM.Collect$$rtentry$$0000000A) for __rt_entry_li
    __rtentry.o(.ARM.Collect$$rtentry$$00000000) refers (Special) to __rtentry2.o(.ARM.Collect$$rtentry$$0000000D) for __rt_entry_main
    __rtentry.o(.ARM.Collect$$rtentry$$00000000) refers (Special) to __rtentry2.o(.ARM.Collect$$rtentry$$0000000C) for __rt_entry_postli_1
    __rtentry.o(.ARM.Collect$$rtentry$$00000000) refers (Special) to __rtentry2.o(.ARM.Collect$$rtentry$$00000009) for __rt_entry_postsh_1
    __rtentry.o(.ARM.Collect$$rtentry$$00000000) refers (Special) to __rtentry2.o(.ARM.Collect$$rtentry$$00000002) for __rt_entry_presh_1
    __rtentry.o(.ARM.Collect$$rtentry$$00000000) refers (Special) to __rtentry4.o(.ARM.Collect$$rtentry$$00000004) for __rt_entry_sh
    _rserrno.o(.text) refers to rt_errno_addr_intlibspace.o(.text) for __aeabi_errno_addr
    _printf_intcommon.o(.text) refers (Weak) to _printf_pad.o(.text) for _printf_pre_padding
    _printf_intcommon.o(.text) refers (Weak) to _printf_pad.o(.text) for _printf_pre_padding
    _printf_intcommon.o(.text) refers (Weak) to _printf_pad.o(.text) for _printf_post_padding
    _printf_char_common.o(.text) refers to __printf_wp.o(.text) for __printf
    basic.o(x$fpl$basic) refers (Special) to usenofp.o(x$fpl$usenofp) for __I$use$fp
    daddsub_clz.o(x$fpl$dadd) refers (Special) to usenofp.o(x$fpl$usenofp) for __I$use$fp
    daddsub_clz.o(x$fpl$dadd) refers to daddsub_clz.o(x$fpl$dsub) for _dsub1
    daddsub_clz.o(x$fpl$dadd) refers to dretinf.o(x$fpl$dretinf) for __fpl_dretinf
    daddsub_clz.o(x$fpl$dadd) refers to dnaninf.o(x$fpl$dnaninf) for __fpl_dnaninf
    daddsub_clz.o(x$fpl$drsb) refers (Special) to usenofp.o(x$fpl$usenofp) for __I$use$fp
    daddsub_clz.o(x$fpl$drsb) refers to daddsub_clz.o(x$fpl$dadd) for _dadd1
    daddsub_clz.o(x$fpl$drsb) refers to daddsub_clz.o(x$fpl$dsub) for _dsub1
    daddsub_clz.o(x$fpl$dsub) refers (Special) to usenofp.o(x$fpl$usenofp) for __I$use$fp
    daddsub_clz.o(x$fpl$dsub) refers to daddsub_clz.o(x$fpl$dadd) for _dadd1
    daddsub_clz.o(x$fpl$dsub) refers to dnaninf.o(x$fpl$dnaninf) for __fpl_dnaninf
    ddiv.o(x$fpl$drdiv) refers (Special) to usenofp.o(x$fpl$usenofp) for __I$use$fp
    ddiv.o(x$fpl$drdiv) refers to ddiv.o(x$fpl$ddiv) for ddiv_entry
    ddiv.o(x$fpl$ddiv) refers (Special) to usenofp.o(x$fpl$usenofp) for __I$use$fp
    ddiv.o(x$fpl$ddiv) refers to dretinf.o(x$fpl$dretinf) for __fpl_dretinf
    ddiv.o(x$fpl$ddiv) refers to dnaninf.o(x$fpl$dnaninf) for __fpl_dnaninf
    dmul.o(x$fpl$dmul) refers (Special) to usenofp.o(x$fpl$usenofp) for __I$use$fp
    dmul.o(x$fpl$dmul) refers to dretinf.o(x$fpl$dretinf) for __fpl_dretinf
    dmul.o(x$fpl$dmul) refers to dnaninf.o(x$fpl$dnaninf) for __fpl_dnaninf
    dnaninf.o(x$fpl$dnaninf) refers (Special) to usenofp.o(x$fpl$usenofp) for __I$use$fp
    drleqf.o(x$fpl$drleqf) refers (Special) to usenofp.o(x$fpl$usenofp) for __I$use$fp
    drleqf.o(x$fpl$drleqf) refers to dleqf.o(x$fpl$dleqf) for __fpl_dcmple_InfNaN
    scalbn.o(x$fpl$scalbn) refers (Special) to usenofp.o(x$fpl$usenofp) for __I$use$fp
    scalbn.o(x$fpl$scalbn) refers to dcheck1.o(x$fpl$dcheck1) for __fpl_dcheck_NaN1
    dunder.o(i.__mathlib_dbl_divzero) refers to ddiv.o(x$fpl$ddiv) for __aeabi_ddiv
    dunder.o(i.__mathlib_dbl_infnan) refers to daddsub_clz.o(x$fpl$dadd) for __aeabi_dadd
    dunder.o(i.__mathlib_dbl_infnan2) refers to daddsub_clz.o(x$fpl$dadd) for __aeabi_dadd
    dunder.o(i.__mathlib_dbl_invalid) refers to ddiv.o(x$fpl$ddiv) for __aeabi_ddiv
    dunder.o(i.__mathlib_dbl_overflow) refers to dmul.o(x$fpl$dmul) for __aeabi_dmul
    dunder.o(i.__mathlib_dbl_posinfnan) refers to dmul.o(x$fpl$dmul) for __aeabi_dmul
    dunder.o(i.__mathlib_dbl_underflow) refers to dmul.o(x$fpl$dmul) for __aeabi_dmul
    fabs.o(i.__hardfp_fabs) refers (Special) to usenofp.o(x$fpl$usenofp) for __I$use$fp
    fabs.o(i.__softfp_fabs) refers (Special) to usenofp.o(x$fpl$usenofp) for __I$use$fp
    fabs.o(i.fabs) refers (Special) to usenofp.o(x$fpl$usenofp) for __I$use$fp
    fpclassify.o(i.__ARM_fpclassify) refers (Special) to usenofp.o(x$fpl$usenofp) for __I$use$fp
    poly.o(i.__kernel_poly) refers (Special) to usenofp.o(x$fpl$usenofp) for __I$use$fp
    poly.o(i.__kernel_poly) refers to dmul.o(x$fpl$dmul) for __aeabi_dmul
    poly.o(i.__kernel_poly) refers to daddsub_clz.o(x$fpl$dadd) for __aeabi_dadd
    qnan.o(.constdata) refers (Special) to usenofp.o(x$fpl$usenofp) for __I$use$fp
    sqrt.o(i.__hardfp_sqrt) refers (Special) to usenofp.o(x$fpl$usenofp) for __I$use$fp
    sqrt.o(i.__hardfp_sqrt) refers to dsqrt_umaal.o(x$fpl$dsqrt) for _dsqrt
    sqrt.o(i.__hardfp_sqrt) refers to _rserrno.o(.text) for __set_errno
    sqrt.o(i.__softfp_sqrt) refers (Special) to usenofp.o(x$fpl$usenofp) for __I$use$fp
    sqrt.o(i.__softfp_sqrt) refers to dsqrt_umaal.o(x$fpl$dsqrt) for _dsqrt
    sqrt.o(i.__softfp_sqrt) refers to _rserrno.o(.text) for __set_errno
    sqrt.o(i.sqrt) refers (Special) to usenofp.o(x$fpl$usenofp) for __I$use$fp
    sqrt.o(i.sqrt) refers to dsqrt_umaal.o(x$fpl$dsqrt) for _dsqrt
    sqrt.o(i.sqrt) refers to _rserrno.o(.text) for __set_errno
    sqrt_x.o(i.____hardfp_sqrt$lsc) refers (Special) to usenofp.o(x$fpl$usenofp) for __I$use$fp
    sqrt_x.o(i.____hardfp_sqrt$lsc) refers to dleqf.o(x$fpl$dleqf) for __aeabi_cdcmple
    sqrt_x.o(i.____hardfp_sqrt$lsc) refers to _rserrno.o(.text) for __set_errno
    sqrt_x.o(i.____hardfp_sqrt$lsc) refers to dsqrt_umaal.o(x$fpl$dsqrt) for _dsqrt
    sqrt_x.o(i.____softfp_sqrt$lsc) refers (Special) to usenofp.o(x$fpl$usenofp) for __I$use$fp
    sqrt_x.o(i.____softfp_sqrt$lsc) refers to dleqf.o(x$fpl$dleqf) for __aeabi_cdcmple
    sqrt_x.o(i.____softfp_sqrt$lsc) refers to _rserrno.o(.text) for __set_errno
    sqrt_x.o(i.____softfp_sqrt$lsc) refers to dsqrt_umaal.o(x$fpl$dsqrt) for _dsqrt
    sqrt_x.o(i.__sqrt$lsc) refers (Special) to usenofp.o(x$fpl$usenofp) for __I$use$fp
    sqrt_x.o(i.__sqrt$lsc) refers to dleqf.o(x$fpl$dleqf) for __aeabi_cdcmple
    sqrt_x.o(i.__sqrt$lsc) refers to _rserrno.o(.text) for __set_errno
    sqrt_x.o(i.__sqrt$lsc) refers to dsqrt_umaal.o(x$fpl$dsqrt) for _dsqrt
    __rtentry2.o(.ARM.Collect$$rtentry$$00000008) refers to boardinit2.o(.text) for _platform_post_stackheap_init
    __rtentry2.o(.ARM.Collect$$rtentry$$0000000A) refers to libinit.o(.ARM.Collect$$libinit$$00000000) for __rt_lib_init
    __rtentry2.o(.ARM.Collect$$rtentry$$0000000B) refers to boardinit3.o(.text) for _platform_post_lib_init
    __rtentry2.o(.ARM.Collect$$rtentry$$0000000D) refers to main.o(i.main) for main
    __rtentry2.o(.ARM.Collect$$rtentry$$0000000D) refers to exit.o(.text) for exit
    __rtentry2.o(.ARM.exidx) refers to __rtentry2.o(.ARM.Collect$$rtentry$$00000001) for .ARM.Collect$$rtentry$$00000001
    __rtentry2.o(.ARM.exidx) refers to __rtentry2.o(.ARM.Collect$$rtentry$$00000008) for .ARM.Collect$$rtentry$$00000008
    __rtentry2.o(.ARM.exidx) refers to __rtentry2.o(.ARM.Collect$$rtentry$$0000000A) for .ARM.Collect$$rtentry$$0000000A
    __rtentry2.o(.ARM.exidx) refers to __rtentry2.o(.ARM.Collect$$rtentry$$0000000B) for .ARM.Collect$$rtentry$$0000000B
    __rtentry2.o(.ARM.exidx) refers to __rtentry2.o(.ARM.Collect$$rtentry$$0000000D) for .ARM.Collect$$rtentry$$0000000D
    __rtentry4.o(.ARM.Collect$$rtentry$$00000004) refers to sys_stackheap_outer.o(.text) for __user_setup_stackheap
    __rtentry4.o(.ARM.exidx) refers to __rtentry4.o(.ARM.Collect$$rtentry$$00000004) for .ARM.Collect$$rtentry$$00000004
    rt_errno_addr.o(.text) refers to rt_errno_addr.o(.bss) for __aeabi_errno_addr_data
    rt_errno_addr_intlibspace.o(.text) refers to libspace.o(.bss) for __libspace_start
    dcheck1.o(x$fpl$dcheck1) refers (Special) to usenofp.o(x$fpl$usenofp) for __I$use$fp
    dcheck1.o(x$fpl$dcheck1) refers to retnan.o(x$fpl$retnan) for __fpl_return_NaN
    dleqf.o(x$fpl$dleqf) refers (Special) to usenofp.o(x$fpl$usenofp) for __I$use$fp
    dleqf.o(x$fpl$dleqf) refers to dnaninf.o(x$fpl$dnaninf) for __fpl_dnaninf
    dleqf.o(x$fpl$dleqf) refers to dcmpi.o(x$fpl$dcmpinf) for __fpl_dcmp_Inf
    dretinf.o(x$fpl$dretinf) refers (Special) to usenofp.o(x$fpl$usenofp) for __I$use$fp
    dsqrt_umaal.o(x$fpl$dsqrt) refers (Special) to usenofp.o(x$fpl$usenofp) for __I$use$fp
    dsqrt_umaal.o(x$fpl$dsqrt) refers to dnaninf.o(x$fpl$dnaninf) for __fpl_dnaninf
    libspace.o(.text) refers to libspace.o(.bss) for __libspace_start
    sys_stackheap_outer.o(.text) refers to libspace.o(.text) for __user_perproc_libspace
    sys_stackheap_outer.o(.text) refers to startup_stm32f407xx.o(.text) for __user_initial_stackheap
    exit.o(.text) refers to rtexit.o(.ARM.Collect$$rtexit$$00000000) for __rt_exit
    libinit.o(.ARM.Collect$$libinit$$00000000) refers (Special) to libinit2.o(.ARM.Collect$$libinit$$0000002E) for __rt_lib_init_alloca_1
    libinit.o(.ARM.Collect$$libinit$$00000000) refers (Special) to libinit2.o(.ARM.Collect$$libinit$$0000002C) for __rt_lib_init_argv_1
    libinit.o(.ARM.Collect$$libinit$$00000000) refers (Special) to libinit2.o(.ARM.Collect$$libinit$$0000001B) for __rt_lib_init_atexit_1
    libinit.o(.ARM.Collect$$libinit$$00000000) refers (Special) to libinit2.o(.ARM.Collect$$libinit$$00000021) for __rt_lib_init_clock_1
    libinit.o(.ARM.Collect$$libinit$$00000000) refers (Special) to libinit2.o(.ARM.Collect$$libinit$$00000032) for __rt_lib_init_cpp_1
    libinit.o(.ARM.Collect$$libinit$$00000000) refers (Special) to libinit2.o(.ARM.Collect$$libinit$$00000030) for __rt_lib_init_exceptions_1
    libinit.o(.ARM.Collect$$libinit$$00000000) refers (Special) to libinit2.o(.ARM.Collect$$libinit$$00000001) for __rt_lib_init_fp_1
    libinit.o(.ARM.Collect$$libinit$$00000000) refers (Special) to libinit2.o(.ARM.Collect$$libinit$$0000001F) for __rt_lib_init_fp_trap_1
    libinit.o(.ARM.Collect$$libinit$$00000000) refers (Special) to libinit2.o(.ARM.Collect$$libinit$$00000023) for __rt_lib_init_getenv_1
    libinit.o(.ARM.Collect$$libinit$$00000000) refers (Special) to libinit2.o(.ARM.Collect$$libinit$$0000000A) for __rt_lib_init_heap_1
    libinit.o(.ARM.Collect$$libinit$$00000000) refers (Special) to libinit2.o(.ARM.Collect$$libinit$$00000011) for __rt_lib_init_lc_collate_1
    libinit.o(.ARM.Collect$$libinit$$00000000) refers (Special) to libinit2.o(.ARM.Collect$$libinit$$00000013) for __rt_lib_init_lc_ctype_1
    libinit.o(.ARM.Collect$$libinit$$00000000) refers (Special) to libinit2.o(.ARM.Collect$$libinit$$00000015) for __rt_lib_init_lc_monetary_1
    libinit.o(.ARM.Collect$$libinit$$00000000) refers (Special) to libinit2.o(.ARM.Collect$$libinit$$00000017) for __rt_lib_init_lc_numeric_1
    libinit.o(.ARM.Collect$$libinit$$00000000) refers (Special) to libinit2.o(.ARM.Collect$$libinit$$00000019) for __rt_lib_init_lc_time_1
    libinit.o(.ARM.Collect$$libinit$$00000000) refers (Special) to libinit2.o(.ARM.Collect$$libinit$$00000004) for __rt_lib_init_preinit_1
    libinit.o(.ARM.Collect$$libinit$$00000000) refers (Special) to libinit2.o(.ARM.Collect$$libinit$$0000000E) for __rt_lib_init_rand_1
    libinit.o(.ARM.Collect$$libinit$$00000000) refers (Special) to libinit2.o(.ARM.Collect$$libinit$$00000033) for __rt_lib_init_return
    libinit.o(.ARM.Collect$$libinit$$00000000) refers (Special) to libinit2.o(.ARM.Collect$$libinit$$0000001D) for __rt_lib_init_signal_1
    libinit.o(.ARM.Collect$$libinit$$00000000) refers (Special) to libinit2.o(.ARM.Collect$$libinit$$00000025) for __rt_lib_init_stdio_1
    libinit.o(.ARM.Collect$$libinit$$00000000) refers (Special) to libinit2.o(.ARM.Collect$$libinit$$0000000C) for __rt_lib_init_user_alloc_1
    dcmpi.o(x$fpl$dcmpinf) refers (Special) to usenofp.o(x$fpl$usenofp) for __I$use$fp
    retnan.o(x$fpl$retnan) refers (Special) to usenofp.o(x$fpl$usenofp) for __I$use$fp
    retnan.o(x$fpl$retnan) refers to trapv.o(x$fpl$trapveneer) for __fpl_cmpreturn
    rtexit.o(.ARM.Collect$$rtexit$$00000000) refers (Special) to rtexit2.o(.ARM.Collect$$rtexit$$00000004) for __rt_exit_exit
    rtexit.o(.ARM.Collect$$rtexit$$00000000) refers (Special) to rtexit2.o(.ARM.Collect$$rtexit$$00000003) for __rt_exit_ls
    rtexit.o(.ARM.Collect$$rtexit$$00000000) refers (Special) to rtexit2.o(.ARM.Collect$$rtexit$$00000002) for __rt_exit_prels_1
    rtexit.o(.ARM.exidx) refers (Special) to rtexit2.o(.ARM.Collect$$rtexit$$00000004) for __rt_exit_exit
    rtexit.o(.ARM.exidx) refers (Special) to rtexit2.o(.ARM.Collect$$rtexit$$00000003) for __rt_exit_ls
    rtexit.o(.ARM.exidx) refers (Special) to rtexit2.o(.ARM.Collect$$rtexit$$00000002) for __rt_exit_prels_1
    rtexit.o(.ARM.exidx) refers to rtexit.o(.ARM.Collect$$rtexit$$00000000) for .ARM.Collect$$rtexit$$00000000
    libinit2.o(.ARM.Collect$$libinit$$00000001) refers to fpinit.o(x$fpl$fpinit) for _fp_init
    libinit2.o(.ARM.Collect$$libinit$$00000010) refers to libinit2.o(.ARM.Collect$$libinit$$0000000F) for .ARM.Collect$$libinit$$0000000F
    libinit2.o(.ARM.Collect$$libinit$$00000012) refers to libinit2.o(.ARM.Collect$$libinit$$0000000F) for .ARM.Collect$$libinit$$0000000F
    libinit2.o(.ARM.Collect$$libinit$$00000014) refers to libinit2.o(.ARM.Collect$$libinit$$0000000F) for .ARM.Collect$$libinit$$0000000F
    libinit2.o(.ARM.Collect$$libinit$$00000016) refers to libinit2.o(.ARM.Collect$$libinit$$0000000F) for .ARM.Collect$$libinit$$0000000F
    libinit2.o(.ARM.Collect$$libinit$$00000018) refers to libinit2.o(.ARM.Collect$$libinit$$0000000F) for .ARM.Collect$$libinit$$0000000F
    libinit2.o(.ARM.Collect$$libinit$$00000026) refers to argv_veneer.o(.emb_text) for __ARM_argv_veneer
    libinit2.o(.ARM.Collect$$libinit$$00000027) refers to argv_veneer.o(.emb_text) for __ARM_argv_veneer
    trapv.o(x$fpl$trapveneer) refers (Special) to usenofp.o(x$fpl$usenofp) for __I$use$fp
    rtexit2.o(.ARM.Collect$$rtexit$$00000003) refers to libshutdown.o(.ARM.Collect$$libshutdown$$00000000) for __rt_lib_shutdown
    rtexit2.o(.ARM.Collect$$rtexit$$00000004) refers to sys_exit.o(.text) for _sys_exit
    rtexit2.o(.ARM.exidx) refers to rtexit2.o(.ARM.Collect$$rtexit$$00000001) for .ARM.Collect$$rtexit$$00000001
    rtexit2.o(.ARM.exidx) refers to rtexit2.o(.ARM.Collect$$rtexit$$00000003) for .ARM.Collect$$rtexit$$00000003
    rtexit2.o(.ARM.exidx) refers to rtexit2.o(.ARM.Collect$$rtexit$$00000004) for .ARM.Collect$$rtexit$$00000004
    argv_veneer.o(.emb_text) refers to no_argv.o(.text) for __ARM_get_argv
    sys_exit.o(.text) refers (Special) to use_no_semi.o(.text) for __I$use$semihosting
    sys_exit.o(.text) refers (Special) to indicate_semi.o(.text) for __semihosting_library_function
    _get_argv_nomalloc.o(.text) refers (Special) to hrguard.o(.text) for __heap_region$guard
    _get_argv_nomalloc.o(.text) refers to defsig_rtmem_outer.o(.text) for __rt_SIGRTMEM
    _get_argv_nomalloc.o(.text) refers to sys_command.o(.text) for _sys_command_string
    libshutdown.o(.ARM.Collect$$libshutdown$$00000000) refers (Special) to libshutdown2.o(.ARM.Collect$$libshutdown$$00000002) for __rt_lib_shutdown_cpp_1
    libshutdown.o(.ARM.Collect$$libshutdown$$00000000) refers (Special) to libshutdown2.o(.ARM.Collect$$libshutdown$$00000007) for __rt_lib_shutdown_fp_trap_1
    libshutdown.o(.ARM.Collect$$libshutdown$$00000000) refers (Special) to libshutdown2.o(.ARM.Collect$$libshutdown$$0000000F) for __rt_lib_shutdown_heap_1
    libshutdown.o(.ARM.Collect$$libshutdown$$00000000) refers (Special) to libshutdown2.o(.ARM.Collect$$libshutdown$$00000010) for __rt_lib_shutdown_return
    libshutdown.o(.ARM.Collect$$libshutdown$$00000000) refers (Special) to libshutdown2.o(.ARM.Collect$$libshutdown$$0000000A) for __rt_lib_shutdown_signal_1
    libshutdown.o(.ARM.Collect$$libshutdown$$00000000) refers (Special) to libshutdown2.o(.ARM.Collect$$libshutdown$$00000004) for __rt_lib_shutdown_stdio_1
    libshutdown.o(.ARM.Collect$$libshutdown$$00000000) refers (Special) to libshutdown2.o(.ARM.Collect$$libshutdown$$0000000C) for __rt_lib_shutdown_user_alloc_1
    sys_command.o(.text) refers (Special) to use_no_semi.o(.text) for __I$use$semihosting
    sys_command.o(.text) refers (Special) to indicate_semi.o(.text) for __semihosting_library_function
    defsig_rtmem_outer.o(.text) refers to defsig_rtmem_inner.o(.text) for __rt_SIGRTMEM_inner
    defsig_rtmem_outer.o(.text) refers to defsig_exit.o(.text) for __sig_exit
    defsig_rtmem_formal.o(.text) refers to rt_raise.o(.text) for __rt_raise
    rt_raise.o(.text) refers to __raise.o(.text) for __raise
    rt_raise.o(.text) refers to sys_exit.o(.text) for _sys_exit
    defsig_exit.o(.text) refers to sys_exit.o(.text) for _sys_exit
    defsig_rtmem_inner.o(.text) refers to defsig_general.o(.text) for __default_signal_display
    __raise.o(.text) refers to defsig.o(CL$$defsig) for __default_signal_handler
    defsig_general.o(.text) refers to sys_wrch.o(.text) for _ttywrch
    sys_wrch.o(.text) refers (Special) to use_no_semi.o(.text) for __I$use$semihosting
    sys_wrch.o(.text) refers (Special) to indicate_semi.o(.text) for __semihosting_library_function
    defsig.o(CL$$defsig) refers to defsig_rtmem_inner.o(.text) for __rt_SIGRTMEM_inner
    defsig_abrt_inner.o(.text) refers to defsig_general.o(.text) for __default_signal_display
    defsig_fpe_inner.o(.text) refers to defsig_general.o(.text) for __default_signal_display
    defsig_rtred_inner.o(.text) refers to defsig_general.o(.text) for __default_signal_display
    defsig_stak_inner.o(.text) refers to defsig_general.o(.text) for __default_signal_display
    defsig_pvfn_inner.o(.text) refers to defsig_general.o(.text) for __default_signal_display
    defsig_cppl_inner.o(.text) refers to defsig_general.o(.text) for __default_signal_display
    defsig_segv_inner.o(.text) refers to defsig_general.o(.text) for __default_signal_display
    defsig_other.o(.text) refers to defsig_general.o(.text) for __default_signal_display


==============================================================================

Removing Unused input sections from the image.

    Removing main.o(.rev16_text), (4 bytes).
    Removing main.o(.revsh_text), (4 bytes).
    Removing main.o(.rrx_text), (6 bytes).
    Removing _mcpr_stm32f407.o(.rev16_text), (4 bytes).
    Removing _mcpr_stm32f407.o(.revsh_text), (4 bytes).
    Removing _mcpr_stm32f407.o(.rrx_text), (6 bytes).
    Removing _mcpr_stm32f407.o(i.mcpr_ConfigSystemTick), (104 bytes).
    Removing _mcpr_stm32f407.o(i.mcpr_SetSysClockTick), (12 bytes).
    Removing blinky.o(.rev16_text), (4 bytes).
    Removing blinky.o(.revsh_text), (4 bytes).
    Removing blinky.o(.rrx_text), (6 bytes).
    Removing blinky.o(i.blinky_Init), (48 bytes).
    Removing blinky.o(i.blinky_Main), (64 bytes).
    Removing leds.o(.rev16_text), (4 bytes).
    Removing leds.o(.revsh_text), (4 bytes).
    Removing leds.o(.rrx_text), (6 bytes).
    Removing leds.o(i.led_Main), (168 bytes).
    Removing display.o(.rev16_text), (4 bytes).
    Removing display.o(.revsh_text), (4 bytes).
    Removing display.o(.rrx_text), (6 bytes).
    Removing keyboard.o(.rev16_text), (4 bytes).
    Removing keyboard.o(.revsh_text), (4 bytes).
    Removing keyboard.o(.rrx_text), (6 bytes).
    Removing keyboard.o(i.keyboard_Main), (144 bytes).
    Removing keyboard.o(.data), (8 bytes).
    Removing timer.o(.rev16_text), (4 bytes).
    Removing timer.o(.revsh_text), (4 bytes).
    Removing timer.o(.rrx_text), (6 bytes).
    Removing frequency.o(.rev16_text), (4 bytes).
    Removing frequency.o(.revsh_text), (4 bytes).
    Removing frequency.o(.rrx_text), (6 bytes).
    Removing system_stm32f4xx.o(.rev16_text), (4 bytes).
    Removing system_stm32f4xx.o(.revsh_text), (4 bytes).
    Removing system_stm32f4xx.o(.rrx_text), (6 bytes).

34 unused section(s) (total 674 bytes) removed from the image.

==============================================================================

Image Symbol Table

    Local Symbols

    Symbol Name                              Value     Ov Type        Size  Object(Section)

    ../clib/angel/boardlib.s                 0x00000000   Number         0  boardinit1.o ABSOLUTE
    ../clib/angel/boardlib.s                 0x00000000   Number         0  boardinit2.o ABSOLUTE
    ../clib/angel/boardlib.s                 0x00000000   Number         0  boardinit3.o ABSOLUTE
    ../clib/angel/boardlib.s                 0x00000000   Number         0  boardshut.o ABSOLUTE
    ../clib/angel/handlers.s                 0x00000000   Number         0  __scatter_copy.o ABSOLUTE
    ../clib/angel/handlers.s                 0x00000000   Number         0  __scatter_zi.o ABSOLUTE
    ../clib/angel/kernel.s                   0x00000000   Number         0  __rtentry.o ABSOLUTE
    ../clib/angel/kernel.s                   0x00000000   Number         0  rtexit.o ABSOLUTE
    ../clib/angel/kernel.s                   0x00000000   Number         0  __rtentry4.o ABSOLUTE
    ../clib/angel/kernel.s                   0x00000000   Number         0  __rtentry2.o ABSOLUTE
    ../clib/angel/kernel.s                   0x00000000   Number         0  rtexit2.o ABSOLUTE
    ../clib/angel/rt.s                       0x00000000   Number         0  rt_errno_addr_intlibspace.o ABSOLUTE
    ../clib/angel/rt.s                       0x00000000   Number         0  rt_raise.o ABSOLUTE
    ../clib/angel/rt.s                       0x00000000   Number         0  rt_errno_addr.o ABSOLUTE
    ../clib/angel/scatter.s                  0x00000000   Number         0  __scatter.o ABSOLUTE
    ../clib/angel/startup.s                  0x00000000   Number         0  __main.o ABSOLUTE
    ../clib/angel/sys.s                      0x00000000   Number         0  libspace.o ABSOLUTE
    ../clib/angel/sys.s                      0x00000000   Number         0  sys_stackheap_outer.o ABSOLUTE
    ../clib/angel/sys.s                      0x00000000   Number         0  indicate_semi.o ABSOLUTE
    ../clib/angel/sys.s                      0x00000000   Number         0  use_no_semi.o ABSOLUTE
    ../clib/angel/sysapp.c                   0x00000000   Number         0  sys_wrch.o ABSOLUTE
    ../clib/angel/sysapp.c                   0x00000000   Number         0  sys_command.o ABSOLUTE
    ../clib/angel/sysapp.c                   0x00000000   Number         0  sys_exit.o ABSOLUTE
    ../clib/armsys.c                         0x00000000   Number         0  no_argv.o ABSOLUTE
    ../clib/armsys.c                         0x00000000   Number         0  _get_argv_nomalloc.o ABSOLUTE
    ../clib/armsys.c                         0x00000000   Number         0  argv_veneer.o ABSOLUTE
    ../clib/armsys.c                         0x00000000   Number         0  argv_veneer.o ABSOLUTE
    ../clib/fenv.c                           0x00000000   Number         0  _rserrno.o ABSOLUTE
    ../clib/heapalloc.c                      0x00000000   Number         0  hrguard.o ABSOLUTE
    ../clib/heapaux.c                        0x00000000   Number         0  heapauxi.o ABSOLUTE
    ../clib/libinit.s                        0x00000000   Number         0  libinit.o ABSOLUTE
    ../clib/libinit.s                        0x00000000   Number         0  libshutdown2.o ABSOLUTE
    ../clib/libinit.s                        0x00000000   Number         0  libinit2.o ABSOLUTE
    ../clib/libinit.s                        0x00000000   Number         0  libshutdown.o ABSOLUTE
    ../clib/misc.s                           0x00000000   Number         0  printf_stubs.o ABSOLUTE
    ../clib/printf.c                         0x00000000   Number         0  __printf_wp.o ABSOLUTE
    ../clib/printf.c                         0x00000000   Number         0  __printf_ss.o ABSOLUTE
    ../clib/printf.c                         0x00000000   Number         0  __printf_flags.o ABSOLUTE
    ../clib/printf.c                         0x00000000   Number         0  _printf_dec.o ABSOLUTE
    ../clib/printf.c                         0x00000000   Number         0  _printf_pad.o ABSOLUTE
    ../clib/printf.c                         0x00000000   Number         0  __printf.o ABSOLUTE
    ../clib/printf.c                         0x00000000   Number         0  noretval__2sprintf.o ABSOLUTE
    ../clib/printf.c                         0x00000000   Number         0  __2sprintf.o ABSOLUTE
    ../clib/printf.c                         0x00000000   Number         0  __printf_nopercent.o ABSOLUTE
    ../clib/printf.c                         0x00000000   Number         0  _sputc.o ABSOLUTE
    ../clib/printf.c                         0x00000000   Number         0  __printf_flags_ss.o ABSOLUTE
    ../clib/printf.c                         0x00000000   Number         0  __printf_flags_ss_wp.o ABSOLUTE
    ../clib/printf.c                         0x00000000   Number         0  _printf_intcommon.o ABSOLUTE
    ../clib/printf.c                         0x00000000   Number         0  _printf_char_common.o ABSOLUTE
    ../clib/printf.c                         0x00000000   Number         0  __printf_ss_wp.o ABSOLUTE
    ../clib/printf.c                         0x00000000   Number         0  __printf_flags_wp.o ABSOLUTE
    ../clib/printf_percent.s                 0x00000000   Number         0  _printf_d.o ABSOLUTE
    ../clib/printf_percent.s                 0x00000000   Number         0  _printf_percent.o ABSOLUTE
    ../clib/printf_percent.s                 0x00000000   Number         0  _printf_percent_end.o ABSOLUTE
    ../clib/signal.c                         0x00000000   Number         0  defsig_abrt_inner.o ABSOLUTE
    ../clib/signal.c                         0x00000000   Number         0  defsig_fpe_inner.o ABSOLUTE
    ../clib/signal.c                         0x00000000   Number         0  defsig_rtmem_outer.o ABSOLUTE
    ../clib/signal.c                         0x00000000   Number         0  defsig_rtred_inner.o ABSOLUTE
    ../clib/signal.c                         0x00000000   Number         0  defsig_stak_inner.o ABSOLUTE
    ../clib/signal.c                         0x00000000   Number         0  defsig_rtmem_formal.o ABSOLUTE
    ../clib/signal.c                         0x00000000   Number         0  defsig_pvfn_inner.o ABSOLUTE
    ../clib/signal.c                         0x00000000   Number         0  defsig_cppl_inner.o ABSOLUTE
    ../clib/signal.c                         0x00000000   Number         0  defsig_exit.o ABSOLUTE
    ../clib/signal.c                         0x00000000   Number         0  defsig_rtmem_inner.o ABSOLUTE
    ../clib/signal.c                         0x00000000   Number         0  __raise.o ABSOLUTE
    ../clib/signal.c                         0x00000000   Number         0  defsig_segv_inner.o ABSOLUTE
    ../clib/signal.c                         0x00000000   Number         0  defsig_other.o ABSOLUTE
    ../clib/signal.c                         0x00000000   Number         0  defsig_general.o ABSOLUTE
    ../clib/signal.s                         0x00000000   Number         0  defsig.o ABSOLUTE
    ../clib/stdlib.c                         0x00000000   Number         0  exit.o ABSOLUTE
    ../fplib/basic.s                         0x00000000   Number         0  basic.o ABSOLUTE
    ../fplib/daddsub.s                       0x00000000   Number         0  daddsub_clz.o ABSOLUTE
    ../fplib/dcheck1.s                       0x00000000   Number         0  dcheck1.o ABSOLUTE
    ../fplib/dcmpi.s                         0x00000000   Number         0  dcmpi.o ABSOLUTE
    ../fplib/ddiv.s                          0x00000000   Number         0  ddiv.o ABSOLUTE
    ../fplib/dfixu.s                         0x00000000   Number         0  dfixu.o ABSOLUTE
    ../fplib/dflt.s                          0x00000000   Number         0  dflt_clz.o ABSOLUTE
    ../fplib/dleqf.s                         0x00000000   Number         0  dleqf.o ABSOLUTE
    ../fplib/dmul.s                          0x00000000   Number         0  dmul.o ABSOLUTE
    ../fplib/dnaninf.s                       0x00000000   Number         0  dnaninf.o ABSOLUTE
    ../fplib/dretinf.s                       0x00000000   Number         0  dretinf.o ABSOLUTE
    ../fplib/drleqf.s                        0x00000000   Number         0  drleqf.o ABSOLUTE
    ../fplib/dsqrt.s                         0x00000000   Number         0  dsqrt_umaal.o ABSOLUTE
    ../fplib/fpinit.s                        0x00000000   Number         0  fpinit.o ABSOLUTE
    ../fplib/retnan.s                        0x00000000   Number         0  retnan.o ABSOLUTE
    ../fplib/scalbn.s                        0x00000000   Number         0  scalbn.o ABSOLUTE
    ../fplib/trapv.s                         0x00000000   Number         0  trapv.o ABSOLUTE
    ../fplib/usenofp.s                       0x00000000   Number         0  usenofp.o ABSOLUTE
    ../mathlib/dunder.c                      0x00000000   Number         0  dunder.o ABSOLUTE
    ../mathlib/fabs.c                        0x00000000   Number         0  fabs.o ABSOLUTE
    ../mathlib/fpclassify.c                  0x00000000   Number         0  fpclassify.o ABSOLUTE
    ../mathlib/poly.c                        0x00000000   Number         0  poly.o ABSOLUTE
    ../mathlib/pow.c                         0x00000000   Number         0  pow.o ABSOLUTE
    ../mathlib/pow.c                         0x00000000   Number         0  pow_x.o ABSOLUTE
    ../mathlib/qnan.c                        0x00000000   Number         0  qnan.o ABSOLUTE
    ../mathlib/sqrt.c                        0x00000000   Number         0  sqrt.o ABSOLUTE
    ../mathlib/sqrt.c                        0x00000000   Number         0  sqrt_x.o ABSOLUTE
    RTE\Device\STM32F407VGTx\startup_stm32f407xx.s 0x00000000   Number         0  startup_stm32f407xx.o ABSOLUTE
    RTE\Device\STM32F407VGTx\system_stm32f4xx.c 0x00000000   Number         0  system_stm32f4xx.o ABSOLUTE
    RTE\\Device\\STM32F407VGTx\\system_stm32f4xx.c 0x00000000   Number         0  system_stm32f4xx.o ABSOLUTE
    _mcpr_stm32f407.c                        0x00000000   Number         0  _mcpr_stm32f407.o ABSOLUTE
    _mcpr_stm32f407.c                        0x00000000   Number         0  _mcpr_stm32f407.o ABSOLUTE
    blinky.c                                 0x00000000   Number         0  blinky.o ABSOLUTE
    blinky.c                                 0x00000000   Number         0  blinky.o ABSOLUTE
    dc.s                                     0x00000000   Number         0  dc.o ABSOLUTE
    display.c                                0x00000000   Number         0  display.o ABSOLUTE
    display.c                                0x00000000   Number         0  display.o ABSOLUTE
    frequency.c                              0x00000000   Number         0  frequency.o ABSOLUTE
    frequency.c                              0x00000000   Number         0  frequency.o ABSOLUTE
    keyboard.c                               0x00000000   Number         0  keyboard.o ABSOLUTE
    keyboard.c                               0x00000000   Number         0  keyboard.o ABSOLUTE
    leds.c                                   0x00000000   Number         0  leds.o ABSOLUTE
    leds.c                                   0x00000000   Number         0  leds.o ABSOLUTE
    main.c                                   0x00000000   Number         0  main.o ABSOLUTE
    main.c                                   0x00000000   Number         0  main.o ABSOLUTE
    timer.c                                  0x00000000   Number         0  timer.o ABSOLUTE
    timer.c                                  0x00000000   Number         0  timer.o ABSOLUTE
    RESET                                    0x20000000   Section      392  startup_stm32f407xx.o(RESET)
    !!!main                                  0x20000188   Section        8  __main.o(!!!main)
    !!!scatter                               0x20000190   Section       52  __scatter.o(!!!scatter)
    !!handler_copy                           0x200001c4   Section       26  __scatter_copy.o(!!handler_copy)
    !!handler_zi                             0x200001e0   Section       28  __scatter_zi.o(!!handler_zi)
    .ARM.Collect$$_printf_percent$$00000000  0x200001fc   Section        0  _printf_percent.o(.ARM.Collect$$_printf_percent$$00000000)
    .ARM.Collect$$_printf_percent$$00000009  0x200001fc   Section        6  _printf_d.o(.ARM.Collect$$_printf_percent$$00000009)
    .ARM.Collect$$_printf_percent$$00000017  0x20000202   Section        4  _printf_percent_end.o(.ARM.Collect$$_printf_percent$$00000017)
    .ARM.Collect$$libinit$$00000000          0x20000206   Section        2  libinit.o(.ARM.Collect$$libinit$$00000000)
    .ARM.Collect$$libinit$$00000001          0x20000208   Section        4  libinit2.o(.ARM.Collect$$libinit$$00000001)
    .ARM.Collect$$libinit$$00000004          0x2000020c   Section        0  libinit2.o(.ARM.Collect$$libinit$$00000004)
    .ARM.Collect$$libinit$$0000000A          0x2000020c   Section        0  libinit2.o(.ARM.Collect$$libinit$$0000000A)
    .ARM.Collect$$libinit$$0000000C          0x2000020c   Section        0  libinit2.o(.ARM.Collect$$libinit$$0000000C)
    .ARM.Collect$$libinit$$0000000E          0x2000020c   Section        0  libinit2.o(.ARM.Collect$$libinit$$0000000E)
    .ARM.Collect$$libinit$$00000011          0x2000020c   Section        0  libinit2.o(.ARM.Collect$$libinit$$00000011)
    .ARM.Collect$$libinit$$00000013          0x2000020c   Section        0  libinit2.o(.ARM.Collect$$libinit$$00000013)
    .ARM.Collect$$libinit$$00000015          0x2000020c   Section        0  libinit2.o(.ARM.Collect$$libinit$$00000015)
    .ARM.Collect$$libinit$$00000017          0x2000020c   Section        0  libinit2.o(.ARM.Collect$$libinit$$00000017)
    .ARM.Collect$$libinit$$00000019          0x2000020c   Section        0  libinit2.o(.ARM.Collect$$libinit$$00000019)
    .ARM.Collect$$libinit$$0000001B          0x2000020c   Section        0  libinit2.o(.ARM.Collect$$libinit$$0000001B)
    .ARM.Collect$$libinit$$0000001D          0x2000020c   Section        0  libinit2.o(.ARM.Collect$$libinit$$0000001D)
    .ARM.Collect$$libinit$$0000001F          0x2000020c   Section        0  libinit2.o(.ARM.Collect$$libinit$$0000001F)
    .ARM.Collect$$libinit$$00000021          0x2000020c   Section        0  libinit2.o(.ARM.Collect$$libinit$$00000021)
    .ARM.Collect$$libinit$$00000023          0x2000020c   Section        0  libinit2.o(.ARM.Collect$$libinit$$00000023)
    .ARM.Collect$$libinit$$00000025          0x2000020c   Section        0  libinit2.o(.ARM.Collect$$libinit$$00000025)
    .ARM.Collect$$libinit$$0000002C          0x2000020c   Section        0  libinit2.o(.ARM.Collect$$libinit$$0000002C)
    .ARM.Collect$$libinit$$0000002E          0x2000020c   Section        0  libinit2.o(.ARM.Collect$$libinit$$0000002E)
    .ARM.Collect$$libinit$$00000030          0x2000020c   Section        0  libinit2.o(.ARM.Collect$$libinit$$00000030)
    .ARM.Collect$$libinit$$00000032          0x2000020c   Section        0  libinit2.o(.ARM.Collect$$libinit$$00000032)
    .ARM.Collect$$libinit$$00000033          0x2000020c   Section        2  libinit2.o(.ARM.Collect$$libinit$$00000033)
    .ARM.Collect$$libshutdown$$00000000      0x2000020e   Section        2  libshutdown.o(.ARM.Collect$$libshutdown$$00000000)
    .ARM.Collect$$libshutdown$$00000002      0x20000210   Section        0  libshutdown2.o(.ARM.Collect$$libshutdown$$00000002)
    .ARM.Collect$$libshutdown$$00000004      0x20000210   Section        0  libshutdown2.o(.ARM.Collect$$libshutdown$$00000004)
    .ARM.Collect$$libshutdown$$00000007      0x20000210   Section        0  libshutdown2.o(.ARM.Collect$$libshutdown$$00000007)
    .ARM.Collect$$libshutdown$$0000000A      0x20000210   Section        0  libshutdown2.o(.ARM.Collect$$libshutdown$$0000000A)
    .ARM.Collect$$libshutdown$$0000000C      0x20000210   Section        0  libshutdown2.o(.ARM.Collect$$libshutdown$$0000000C)
    .ARM.Collect$$libshutdown$$0000000F      0x20000210   Section        0  libshutdown2.o(.ARM.Collect$$libshutdown$$0000000F)
    .ARM.Collect$$libshutdown$$00000010      0x20000210   Section        2  libshutdown2.o(.ARM.Collect$$libshutdown$$00000010)
    .ARM.Collect$$rtentry$$00000000          0x20000212   Section        0  __rtentry.o(.ARM.Collect$$rtentry$$00000000)
    .ARM.Collect$$rtentry$$00000002          0x20000212   Section        0  __rtentry2.o(.ARM.Collect$$rtentry$$00000002)
    .ARM.Collect$$rtentry$$00000004          0x20000212   Section        6  __rtentry4.o(.ARM.Collect$$rtentry$$00000004)
    .ARM.Collect$$rtentry$$00000009          0x20000218   Section        0  __rtentry2.o(.ARM.Collect$$rtentry$$00000009)
    .ARM.Collect$$rtentry$$0000000A          0x20000218   Section        4  __rtentry2.o(.ARM.Collect$$rtentry$$0000000A)
    .ARM.Collect$$rtentry$$0000000C          0x2000021c   Section        0  __rtentry2.o(.ARM.Collect$$rtentry$$0000000C)
    .ARM.Collect$$rtentry$$0000000D          0x2000021c   Section        8  __rtentry2.o(.ARM.Collect$$rtentry$$0000000D)
    .ARM.Collect$$rtexit$$00000000           0x20000224   Section        2  rtexit.o(.ARM.Collect$$rtexit$$00000000)
    .ARM.Collect$$rtexit$$00000002           0x20000226   Section        0  rtexit2.o(.ARM.Collect$$rtexit$$00000002)
    .ARM.Collect$$rtexit$$00000003           0x20000226   Section        4  rtexit2.o(.ARM.Collect$$rtexit$$00000003)
    .ARM.Collect$$rtexit$$00000004           0x2000022a   Section        6  rtexit2.o(.ARM.Collect$$rtexit$$00000004)
    .text                                    0x20000230   Section       64  startup_stm32f407xx.o(.text)
    $v0                                      0x20000230   Number         0  startup_stm32f407xx.o(.text)
    .text                                    0x20000270   Section        0  noretval__2sprintf.o(.text)
    .text                                    0x20000298   Section        0  _printf_pad.o(.text)
    .text                                    0x200002e8   Section        0  _printf_dec.o(.text)
    .text                                    0x20000360   Section        0  __printf_wp.o(.text)
    .text                                    0x2000046e   Section        0  heapauxi.o(.text)
    .text                                    0x20000474   Section        0  _printf_intcommon.o(.text)
    .text                                    0x20000528   Section        0  _printf_char_common.o(.text)
    _printf_input_char                       0x20000529   Thumb Code    10  _printf_char_common.o(.text)
    .text                                    0x20000558   Section        0  _sputc.o(.text)
    .text                                    0x20000564   Section        8  libspace.o(.text)
    .text                                    0x2000056c   Section       74  sys_stackheap_outer.o(.text)
    .text                                    0x200005b6   Section        0  exit.o(.text)
    .text                                    0x200005c8   Section        0  sys_exit.o(.text)
    .text                                    0x200005d4   Section        2  use_no_semi.o(.text)
    .text                                    0x200005d6   Section        0  indicate_semi.o(.text)
    i.SystemCoreClockUpdate                  0x200005d8   Section        0  system_stm32f4xx.o(i.SystemCoreClockUpdate)
    i.SystemInit                             0x20000698   Section        0  system_stm32f4xx.o(i.SystemInit)
    i.TIM7_IRQHandler                        0x200006fc   Section        0  main.o(i.TIM7_IRQHandler)
    i.TIM8_BRK_TIM12_IRQHandler              0x20000718   Section        0  main.o(i.TIM8_BRK_TIM12_IRQHandler)
    i._is_digit                              0x20000794   Section        0  __printf_wp.o(i._is_digit)
    i.keyboard_Check                         0x200007a4   Section        0  keyboard.o(i.keyboard_Check)
    i.keyboard_Init                          0x200007fc   Section        0  keyboard.o(i.keyboard_Init)
    i.keyboard_Read                          0x20000844   Section        0  keyboard.o(i.keyboard_Read)
    i.lcd_ClearDisplay                       0x20000894   Section        0  display.o(i.lcd_ClearDisplay)
    i.lcd_DrawPixel                          0x200008bc   Section        0  display.o(i.lcd_DrawPixel)
    i.lcd_Init                               0x200008ca   Section        0  display.o(i.lcd_Init)
    i.lcd_Output16BitWord                    0x20000984   Section        0  display.o(i.lcd_Output16BitWord)
    i.lcd_PortInit                           0x200009ec   Section        0  display.o(i.lcd_PortInit)
    i.lcd_Reset                              0x20000a48   Section        0  display.o(i.lcd_Reset)
    i.lcd_SetCursor                          0x20000a64   Section        0  display.o(i.lcd_SetCursor)
    i.lcd_WriteCommand                       0x20000a7c   Section        0  display.o(i.lcd_WriteCommand)
    i.lcd_WriteData                          0x20000ab4   Section        0  display.o(i.lcd_WriteData)
    i.lcd_WriteLetter                        0x20000aec   Section        0  display.o(i.lcd_WriteLetter)
    i.lcd_WriteReg                           0x20000b64   Section        0  display.o(i.lcd_WriteReg)
    i.lcd_WriteString                        0x20000b78   Section        0  display.o(i.lcd_WriteString)
    i.led_Init                               0x20000bb4   Section        0  leds.o(i.led_Init)
    i.led_Output16BitWord                    0x20000bf0   Section        0  leds.o(i.led_Output16BitWord)
    i.led_Write                              0x20000c58   Section        0  leds.o(i.led_Write)
    i.main                                   0x20000c94   Section        0  main.o(i.main)
    i.mcpr_SetSysClock                       0x20000dac   Section        0  _mcpr_stm32f407.o(i.mcpr_SetSysClock)
    mcpr_SetSysClock                         0x20000dad   Thumb Code   226  _mcpr_stm32f407.o(i.mcpr_SetSysClock)
    i.mcpr_SetSystemCoreClock                0x20000ea8   Section        0  _mcpr_stm32f407.o(i.mcpr_SetSystemCoreClock)
    i.short2Bitstring                        0x20000eb4   Section        0  keyboard.o(i.short2Bitstring)
    i.timer12_CaptureInit                    0x20000ee8   Section        0  frequency.o(i.timer12_CaptureInit)
    i.timer12_CheckCapture                   0x20000f5c   Section        0  frequency.o(i.timer12_CheckCapture)
    i.timer12_CheckCounter                   0x20000f88   Section        0  frequency.o(i.timer12_CheckCounter)
    i.timer12_CounterInit                    0x20000fc4   Section        0  frequency.o(i.timer12_CounterInit)
    i.timer12_Init                           0x20000ff0   Section        0  frequency.o(i.timer12_Init)
    i.timer7_CheckBackground                 0x2000105c   Section        0  timer.o(i.timer7_CheckBackground)
    i.timer7_CheckLed                        0x200010ac   Section        0  timer.o(i.timer7_CheckLed)
    i.timer7_Init                            0x200010f0   Section        0  timer.o(i.timer7_Init)
    i.u_Delay                                0x20001184   Section        0  blinky.o(i.u_Delay)
    x$fpl$fpinit                             0x20001198   Section       10  fpinit.o(x$fpl$fpinit)
    $v0                                      0x20001198   Number         0  fpinit.o(x$fpl$fpinit)
    .constdata                               0x200011a2   Section     8192  display.o(.constdata)
    .constdata                               0x200031a2   Section       24  system_stm32f4xx.o(.constdata)
    .data                                    0x20010000   Section       38  main.o(.data)
    .data                                    0x20010028   Section        6  frequency.o(.data)
    .data                                    0x20010030   Section        4  system_stm32f4xx.o(.data)
    .bss                                     0x20010034   Section       96  libspace.o(.bss)
    HEAP                                     0x20010098   Section      512  startup_stm32f407xx.o(HEAP)
    Heap_Mem                                 0x20010098   Data         512  startup_stm32f407xx.o(HEAP)
    STACK                                    0x20010298   Section     1024  startup_stm32f407xx.o(STACK)
    Stack_Mem                                0x20010298   Data        1024  startup_stm32f407xx.o(STACK)
    __initial_sp                             0x20010698   Data           0  startup_stm32f407xx.o(STACK)

    Global Symbols

    Symbol Name                              Value     Ov Type        Size  Object(Section)

    BuildAttributes$$THM_ISAv4$E$P$D$K$B$S$7EM$VFPi3$EXTD16$VFPS$VFMA$PE$A:L22UL41UL21$X:L11$S22US41US21$IEEE1$IW$USESV6$~STKCKD$USESV7$~SHL$OTIME$ROPI$IEEEX$EBA8$UX$STANDARDLIB$REQ8$PRES8$EABIv2 0x00000000   Number         0  anon$$obj.o ABSOLUTE
    __ARM_use_no_argv                        0x00000000   Number         0  main.o ABSOLUTE
    _printf_flags                            0x00000000   Number         0  printf_stubs.o ABSOLUTE
    _printf_return_value                     0x00000000   Number         0  printf_stubs.o ABSOLUTE
    _printf_sizespec                         0x00000000   Number         0  printf_stubs.o ABSOLUTE
    _printf_widthprec                        0x00000000   Number         0  printf_stubs.o ABSOLUTE
    __ARM_exceptions_init                     - Undefined Weak Reference
    __alloca_initialize                       - Undefined Weak Reference
    __arm_preinit_                            - Undefined Weak Reference
    __cpp_initialize__aeabi_                  - Undefined Weak Reference
    __cxa_finalize                            - Undefined Weak Reference
    __rt_locale                               - Undefined Weak Reference
    __sigvec_lookup                           - Undefined Weak Reference
    _atexit_init                              - Undefined Weak Reference
    _call_atexit_fns                          - Undefined Weak Reference
    _clock_init                               - Undefined Weak Reference
    _fp_trap_init                             - Undefined Weak Reference
    _fp_trap_shutdown                         - Undefined Weak Reference
    _get_lc_collate                           - Undefined Weak Reference
    _get_lc_ctype                             - Undefined Weak Reference
    _get_lc_monetary                          - Undefined Weak Reference
    _get_lc_numeric                           - Undefined Weak Reference
    _get_lc_time                              - Undefined Weak Reference
    _getenv_init                              - Undefined Weak Reference
    _handle_redirection                       - Undefined Weak Reference
    _init_alloc                               - Undefined Weak Reference
    _init_user_alloc                          - Undefined Weak Reference
    _initio                                   - Undefined Weak Reference
    _printf_truncate_signed                   - Undefined Weak Reference
    _printf_truncate_unsigned                 - Undefined Weak Reference
    _rand_init                                - Undefined Weak Reference
    _signal_finish                            - Undefined Weak Reference
    _signal_init                              - Undefined Weak Reference
    _terminate_alloc                          - Undefined Weak Reference
    _terminate_user_alloc                     - Undefined Weak Reference
    _terminateio                              - Undefined Weak Reference
    __Vectors_Size                           0x00000188   Number         0  startup_stm32f407xx.o ABSOLUTE
    __Vectors                                0x20000000   Data           4  startup_stm32f407xx.o(RESET)
    __Vectors_End                            0x20000188   Data           0  startup_stm32f407xx.o(RESET)
    __main                                   0x20000189   Thumb Code     8  __main.o(!!!main)
    __scatterload                            0x20000191   Thumb Code     0  __scatter.o(!!!scatter)
    __scatterload_rt2                        0x20000191   Thumb Code    44  __scatter.o(!!!scatter)
    __scatterload_rt2_thumb_only             0x20000191   Thumb Code     0  __scatter.o(!!!scatter)
    __scatterload_null                       0x2000019f   Thumb Code     0  __scatter.o(!!!scatter)
    __scatterload_copy                       0x200001c5   Thumb Code    26  __scatter_copy.o(!!handler_copy)
    __scatterload_zeroinit                   0x200001e1   Thumb Code    28  __scatter_zi.o(!!handler_zi)
    _printf_d                                0x200001fd   Thumb Code     0  _printf_d.o(.ARM.Collect$$_printf_percent$$00000009)
    _printf_percent                          0x200001fd   Thumb Code     0  _printf_percent.o(.ARM.Collect$$_printf_percent$$00000000)
    _printf_percent_end                      0x20000203   Thumb Code     0  _printf_percent_end.o(.ARM.Collect$$_printf_percent$$00000017)
    __rt_lib_init                            0x20000207   Thumb Code     0  libinit.o(.ARM.Collect$$libinit$$00000000)
    __rt_lib_init_fp_1                       0x20000209   Thumb Code     0  libinit2.o(.ARM.Collect$$libinit$$00000001)
    __rt_lib_init_alloca_1                   0x2000020d   Thumb Code     0  libinit2.o(.ARM.Collect$$libinit$$0000002E)
    __rt_lib_init_argv_1                     0x2000020d   Thumb Code     0  libinit2.o(.ARM.Collect$$libinit$$0000002C)
    __rt_lib_init_atexit_1                   0x2000020d   Thumb Code     0  libinit2.o(.ARM.Collect$$libinit$$0000001B)
    __rt_lib_init_clock_1                    0x2000020d   Thumb Code     0  libinit2.o(.ARM.Collect$$libinit$$00000021)
    __rt_lib_init_cpp_1                      0x2000020d   Thumb Code     0  libinit2.o(.ARM.Collect$$libinit$$00000032)
    __rt_lib_init_exceptions_1               0x2000020d   Thumb Code     0  libinit2.o(.ARM.Collect$$libinit$$00000030)
    __rt_lib_init_fp_trap_1                  0x2000020d   Thumb Code     0  libinit2.o(.ARM.Collect$$libinit$$0000001F)
    __rt_lib_init_getenv_1                   0x2000020d   Thumb Code     0  libinit2.o(.ARM.Collect$$libinit$$00000023)
    __rt_lib_init_heap_1                     0x2000020d   Thumb Code     0  libinit2.o(.ARM.Collect$$libinit$$0000000A)
    __rt_lib_init_lc_collate_1               0x2000020d   Thumb Code     0  libinit2.o(.ARM.Collect$$libinit$$00000011)
    __rt_lib_init_lc_ctype_1                 0x2000020d   Thumb Code     0  libinit2.o(.ARM.Collect$$libinit$$00000013)
    __rt_lib_init_lc_monetary_1              0x2000020d   Thumb Code     0  libinit2.o(.ARM.Collect$$libinit$$00000015)
    __rt_lib_init_lc_numeric_1               0x2000020d   Thumb Code     0  libinit2.o(.ARM.Collect$$libinit$$00000017)
    __rt_lib_init_lc_time_1                  0x2000020d   Thumb Code     0  libinit2.o(.ARM.Collect$$libinit$$00000019)
    __rt_lib_init_preinit_1                  0x2000020d   Thumb Code     0  libinit2.o(.ARM.Collect$$libinit$$00000004)
    __rt_lib_init_rand_1                     0x2000020d   Thumb Code     0  libinit2.o(.ARM.Collect$$libinit$$0000000E)
    __rt_lib_init_return                     0x2000020d   Thumb Code     0  libinit2.o(.ARM.Collect$$libinit$$00000033)
    __rt_lib_init_signal_1                   0x2000020d   Thumb Code     0  libinit2.o(.ARM.Collect$$libinit$$0000001D)
    __rt_lib_init_stdio_1                    0x2000020d   Thumb Code     0  libinit2.o(.ARM.Collect$$libinit$$00000025)
    __rt_lib_init_user_alloc_1               0x2000020d   Thumb Code     0  libinit2.o(.ARM.Collect$$libinit$$0000000C)
    __rt_lib_shutdown                        0x2000020f   Thumb Code     0  libshutdown.o(.ARM.Collect$$libshutdown$$00000000)
    __rt_lib_shutdown_cpp_1                  0x20000211   Thumb Code     0  libshutdown2.o(.ARM.Collect$$libshutdown$$00000002)
    __rt_lib_shutdown_fp_trap_1              0x20000211   Thumb Code     0  libshutdown2.o(.ARM.Collect$$libshutdown$$00000007)
    __rt_lib_shutdown_heap_1                 0x20000211   Thumb Code     0  libshutdown2.o(.ARM.Collect$$libshutdown$$0000000F)
    __rt_lib_shutdown_return                 0x20000211   Thumb Code     0  libshutdown2.o(.ARM.Collect$$libshutdown$$00000010)
    __rt_lib_shutdown_signal_1               0x20000211   Thumb Code     0  libshutdown2.o(.ARM.Collect$$libshutdown$$0000000A)
    __rt_lib_shutdown_stdio_1                0x20000211   Thumb Code     0  libshutdown2.o(.ARM.Collect$$libshutdown$$00000004)
    __rt_lib_shutdown_user_alloc_1           0x20000211   Thumb Code     0  libshutdown2.o(.ARM.Collect$$libshutdown$$0000000C)
    __rt_entry                               0x20000213   Thumb Code     0  __rtentry.o(.ARM.Collect$$rtentry$$00000000)
    __rt_entry_presh_1                       0x20000213   Thumb Code     0  __rtentry2.o(.ARM.Collect$$rtentry$$00000002)
    __rt_entry_sh                            0x20000213   Thumb Code     0  __rtentry4.o(.ARM.Collect$$rtentry$$00000004)
    __rt_entry_li                            0x20000219   Thumb Code     0  __rtentry2.o(.ARM.Collect$$rtentry$$0000000A)
    __rt_entry_postsh_1                      0x20000219   Thumb Code     0  __rtentry2.o(.ARM.Collect$$rtentry$$00000009)
    __rt_entry_main                          0x2000021d   Thumb Code     0  __rtentry2.o(.ARM.Collect$$rtentry$$0000000D)
    __rt_entry_postli_1                      0x2000021d   Thumb Code     0  __rtentry2.o(.ARM.Collect$$rtentry$$0000000C)
    __rt_exit                                0x20000225   Thumb Code     0  rtexit.o(.ARM.Collect$$rtexit$$00000000)
    __rt_exit_ls                             0x20000227   Thumb Code     0  rtexit2.o(.ARM.Collect$$rtexit$$00000003)
    __rt_exit_prels_1                        0x20000227   Thumb Code     0  rtexit2.o(.ARM.Collect$$rtexit$$00000002)
    __rt_exit_exit                           0x2000022b   Thumb Code     0  rtexit2.o(.ARM.Collect$$rtexit$$00000004)
    Reset_Handler                            0x20000231   Thumb Code     8  startup_stm32f407xx.o(.text)
    NMI_Handler                              0x20000239   Thumb Code     2  startup_stm32f407xx.o(.text)
    HardFault_Handler                        0x2000023b   Thumb Code     2  startup_stm32f407xx.o(.text)
    MemManage_Handler                        0x2000023d   Thumb Code     2  startup_stm32f407xx.o(.text)
    BusFault_Handler                         0x2000023f   Thumb Code     2  startup_stm32f407xx.o(.text)
    UsageFault_Handler                       0x20000241   Thumb Code     2  startup_stm32f407xx.o(.text)
    SVC_Handler                              0x20000243   Thumb Code     2  startup_stm32f407xx.o(.text)
    DebugMon_Handler                         0x20000245   Thumb Code     2  startup_stm32f407xx.o(.text)
    PendSV_Handler                           0x20000247   Thumb Code     2  startup_stm32f407xx.o(.text)
    SysTick_Handler                          0x20000249   Thumb Code     2  startup_stm32f407xx.o(.text)
    ADC_IRQHandler                           0x2000024b   Thumb Code     0  startup_stm32f407xx.o(.text)
    CAN1_RX0_IRQHandler                      0x2000024b   Thumb Code     0  startup_stm32f407xx.o(.text)
    CAN1_RX1_IRQHandler                      0x2000024b   Thumb Code     0  startup_stm32f407xx.o(.text)
    CAN1_SCE_IRQHandler                      0x2000024b   Thumb Code     0  startup_stm32f407xx.o(.text)
    CAN1_TX_IRQHandler                       0x2000024b   Thumb Code     0  startup_stm32f407xx.o(.text)
    CAN2_RX0_IRQHandler                      0x2000024b   Thumb Code     0  startup_stm32f407xx.o(.text)
    CAN2_RX1_IRQHandler                      0x2000024b   Thumb Code     0  startup_stm32f407xx.o(.text)
    CAN2_SCE_IRQHandler                      0x2000024b   Thumb Code     0  startup_stm32f407xx.o(.text)
    CAN2_TX_IRQHandler                       0x2000024b   Thumb Code     0  startup_stm32f407xx.o(.text)
    DCMI_IRQHandler                          0x2000024b   Thumb Code     0  startup_stm32f407xx.o(.text)
    DMA1_Stream0_IRQHandler                  0x2000024b   Thumb Code     0  startup_stm32f407xx.o(.text)
    DMA1_Stream1_IRQHandler                  0x2000024b   Thumb Code     0  startup_stm32f407xx.o(.text)
    DMA1_Stream2_IRQHandler                  0x2000024b   Thumb Code     0  startup_stm32f407xx.o(.text)
    DMA1_Stream3_IRQHandler                  0x2000024b   Thumb Code     0  startup_stm32f407xx.o(.text)
    DMA1_Stream4_IRQHandler                  0x2000024b   Thumb Code     0  startup_stm32f407xx.o(.text)
    DMA1_Stream5_IRQHandler                  0x2000024b   Thumb Code     0  startup_stm32f407xx.o(.text)
    DMA1_Stream6_IRQHandler                  0x2000024b   Thumb Code     0  startup_stm32f407xx.o(.text)
    DMA1_Stream7_IRQHandler                  0x2000024b   Thumb Code     0  startup_stm32f407xx.o(.text)
    DMA2_Stream0_IRQHandler                  0x2000024b   Thumb Code     0  startup_stm32f407xx.o(.text)
    DMA2_Stream1_IRQHandler                  0x2000024b   Thumb Code     0  startup_stm32f407xx.o(.text)
    DMA2_Stream2_IRQHandler                  0x2000024b   Thumb Code     0  startup_stm32f407xx.o(.text)
    DMA2_Stream3_IRQHandler                  0x2000024b   Thumb Code     0  startup_stm32f407xx.o(.text)
    DMA2_Stream4_IRQHandler                  0x2000024b   Thumb Code     0  startup_stm32f407xx.o(.text)
    DMA2_Stream5_IRQHandler                  0x2000024b   Thumb Code     0  startup_stm32f407xx.o(.text)
    DMA2_Stream6_IRQHandler                  0x2000024b   Thumb Code     0  startup_stm32f407xx.o(.text)
    DMA2_Stream7_IRQHandler                  0x2000024b   Thumb Code     0  startup_stm32f407xx.o(.text)
    ETH_IRQHandler                           0x2000024b   Thumb Code     0  startup_stm32f407xx.o(.text)
    ETH_WKUP_IRQHandler                      0x2000024b   Thumb Code     0  startup_stm32f407xx.o(.text)
    EXTI0_IRQHandler                         0x2000024b   Thumb Code     0  startup_stm32f407xx.o(.text)
    EXTI15_10_IRQHandler                     0x2000024b   Thumb Code     0  startup_stm32f407xx.o(.text)
    EXTI1_IRQHandler                         0x2000024b   Thumb Code     0  startup_stm32f407xx.o(.text)
    EXTI2_IRQHandler                         0x2000024b   Thumb Code     0  startup_stm32f407xx.o(.text)
    EXTI3_IRQHandler                         0x2000024b   Thumb Code     0  startup_stm32f407xx.o(.text)
    EXTI4_IRQHandler                         0x2000024b   Thumb Code     0  startup_stm32f407xx.o(.text)
    EXTI9_5_IRQHandler                       0x2000024b   Thumb Code     0  startup_stm32f407xx.o(.text)
    FLASH_IRQHandler                         0x2000024b   Thumb Code     0  startup_stm32f407xx.o(.text)
    FMC_IRQHandler                           0x2000024b   Thumb Code     0  startup_stm32f407xx.o(.text)
    FPU_IRQHandler                           0x2000024b   Thumb Code     0  startup_stm32f407xx.o(.text)
    HASH_RNG_IRQHandler                      0x2000024b   Thumb Code     0  startup_stm32f407xx.o(.text)
    I2C1_ER_IRQHandler                       0x2000024b   Thumb Code     0  startup_stm32f407xx.o(.text)
    I2C1_EV_IRQHandler                       0x2000024b   Thumb Code     0  startup_stm32f407xx.o(.text)
    I2C2_ER_IRQHandler                       0x2000024b   Thumb Code     0  startup_stm32f407xx.o(.text)
    I2C2_EV_IRQHandler                       0x2000024b   Thumb Code     0  startup_stm32f407xx.o(.text)
    I2C3_ER_IRQHandler                       0x2000024b   Thumb Code     0  startup_stm32f407xx.o(.text)
    I2C3_EV_IRQHandler                       0x2000024b   Thumb Code     0  startup_stm32f407xx.o(.text)
    OTG_FS_IRQHandler                        0x2000024b   Thumb Code     0  startup_stm32f407xx.o(.text)
    OTG_FS_WKUP_IRQHandler                   0x2000024b   Thumb Code     0  startup_stm32f407xx.o(.text)
    OTG_HS_EP1_IN_IRQHandler                 0x2000024b   Thumb Code     0  startup_stm32f407xx.o(.text)
    OTG_HS_EP1_OUT_IRQHandler                0x2000024b   Thumb Code     0  startup_stm32f407xx.o(.text)
    OTG_HS_IRQHandler                        0x2000024b   Thumb Code     0  startup_stm32f407xx.o(.text)
    OTG_HS_WKUP_IRQHandler                   0x2000024b   Thumb Code     0  startup_stm32f407xx.o(.text)
    PVD_IRQHandler                           0x2000024b   Thumb Code     0  startup_stm32f407xx.o(.text)
    RCC_IRQHandler                           0x2000024b   Thumb Code     0  startup_stm32f407xx.o(.text)
    RTC_Alarm_IRQHandler                     0x2000024b   Thumb Code     0  startup_stm32f407xx.o(.text)
    RTC_WKUP_IRQHandler                      0x2000024b   Thumb Code     0  startup_stm32f407xx.o(.text)
    SDIO_IRQHandler                          0x2000024b   Thumb Code     0  startup_stm32f407xx.o(.text)
    SPI1_IRQHandler                          0x2000024b   Thumb Code     0  startup_stm32f407xx.o(.text)
    SPI2_IRQHandler                          0x2000024b   Thumb Code     0  startup_stm32f407xx.o(.text)
    SPI3_IRQHandler                          0x2000024b   Thumb Code     0  startup_stm32f407xx.o(.text)
    TAMP_STAMP_IRQHandler                    0x2000024b   Thumb Code     0  startup_stm32f407xx.o(.text)
    TIM1_BRK_TIM9_IRQHandler                 0x2000024b   Thumb Code     0  startup_stm32f407xx.o(.text)
    TIM1_CC_IRQHandler                       0x2000024b   Thumb Code     0  startup_stm32f407xx.o(.text)
    TIM1_TRG_COM_TIM11_IRQHandler            0x2000024b   Thumb Code     0  startup_stm32f407xx.o(.text)
    TIM1_UP_TIM10_IRQHandler                 0x2000024b   Thumb Code     0  startup_stm32f407xx.o(.text)
    TIM2_IRQHandler                          0x2000024b   Thumb Code     0  startup_stm32f407xx.o(.text)
    TIM3_IRQHandler                          0x2000024b   Thumb Code     0  startup_stm32f407xx.o(.text)
    TIM4_IRQHandler                          0x2000024b   Thumb Code     0  startup_stm32f407xx.o(.text)
    TIM5_IRQHandler                          0x2000024b   Thumb Code     0  startup_stm32f407xx.o(.text)
    TIM6_DAC_IRQHandler                      0x2000024b   Thumb Code     0  startup_stm32f407xx.o(.text)
    TIM8_CC_IRQHandler                       0x2000024b   Thumb Code     0  startup_stm32f407xx.o(.text)
    TIM8_TRG_COM_TIM14_IRQHandler            0x2000024b   Thumb Code     0  startup_stm32f407xx.o(.text)
    TIM8_UP_TIM13_IRQHandler                 0x2000024b   Thumb Code     0  startup_stm32f407xx.o(.text)
    UART4_IRQHandler                         0x2000024b   Thumb Code     0  startup_stm32f407xx.o(.text)
    UART5_IRQHandler                         0x2000024b   Thumb Code     0  startup_stm32f407xx.o(.text)
    USART1_IRQHandler                        0x2000024b   Thumb Code     0  startup_stm32f407xx.o(.text)
    USART2_IRQHandler                        0x2000024b   Thumb Code     0  startup_stm32f407xx.o(.text)
    USART3_IRQHandler                        0x2000024b   Thumb Code     0  startup_stm32f407xx.o(.text)
    USART6_IRQHandler                        0x2000024b   Thumb Code     0  startup_stm32f407xx.o(.text)
    WWDG_IRQHandler                          0x2000024b   Thumb Code     0  startup_stm32f407xx.o(.text)
    __user_initial_stackheap                 0x2000024d   Thumb Code     0  startup_stm32f407xx.o(.text)
    __2sprintf                               0x20000271   Thumb Code    34  noretval__2sprintf.o(.text)
    _printf_pre_padding                      0x20000299   Thumb Code    44  _printf_pad.o(.text)
    _printf_post_padding                     0x200002c5   Thumb Code    34  _printf_pad.o(.text)
    _printf_int_dec                          0x200002e9   Thumb Code   104  _printf_dec.o(.text)
    __printf                                 0x20000361   Thumb Code   270  __printf_wp.o(.text)
    __use_two_region_memory                  0x2000046f   Thumb Code     2  heapauxi.o(.text)
    __rt_heap_escrow$2region                 0x20000471   Thumb Code     2  heapauxi.o(.text)
    __rt_heap_expand$2region                 0x20000473   Thumb Code     2  heapauxi.o(.text)
    _printf_int_common                       0x20000475   Thumb Code   178  _printf_intcommon.o(.text)
    _printf_char_common                      0x20000533   Thumb Code    32  _printf_char_common.o(.text)
    _sputc                                   0x20000559   Thumb Code    10  _sputc.o(.text)
    __user_libspace                          0x20000565   Thumb Code     8  libspace.o(.text)
    __user_perproc_libspace                  0x20000565   Thumb Code     0  libspace.o(.text)
    __user_perthread_libspace                0x20000565   Thumb Code     0  libspace.o(.text)
    __user_setup_stackheap                   0x2000056d   Thumb Code    74  sys_stackheap_outer.o(.text)
    exit                                     0x200005b7   Thumb Code    18  exit.o(.text)
    _sys_exit                                0x200005c9   Thumb Code     8  sys_exit.o(.text)
    __I$use$semihosting                      0x200005d5   Thumb Code     0  use_no_semi.o(.text)
    __use_no_semihosting_swi                 0x200005d5   Thumb Code     2  use_no_semi.o(.text)
    __semihosting_library_function           0x200005d7   Thumb Code     0  indicate_semi.o(.text)
    SystemCoreClockUpdate                    0x200005d9   Thumb Code   170  system_stm32f4xx.o(i.SystemCoreClockUpdate)
    SystemInit                               0x20000699   Thumb Code    82  system_stm32f4xx.o(i.SystemInit)
    TIM7_IRQHandler                          0x200006fd   Thumb Code    18  main.o(i.TIM7_IRQHandler)
    TIM8_BRK_TIM12_IRQHandler                0x20000719   Thumb Code   102  main.o(i.TIM8_BRK_TIM12_IRQHandler)
    _is_digit                                0x20000795   Thumb Code    14  __printf_wp.o(i._is_digit)
    keyboard_Check                           0x200007a5   Thumb Code    82  keyboard.o(i.keyboard_Check)
    keyboard_Init                            0x200007fd   Thumb Code    60  keyboard.o(i.keyboard_Init)
    keyboard_Read                            0x20000845   Thumb Code    72  keyboard.o(i.keyboard_Read)
    lcd_ClearDisplay                         0x20000895   Thumb Code    40  display.o(i.lcd_ClearDisplay)
    lcd_DrawPixel                            0x200008bd   Thumb Code    14  display.o(i.lcd_DrawPixel)
    lcd_Init                                 0x200008cb   Thumb Code   184  display.o(i.lcd_Init)
    lcd_Output16BitWord                      0x20000985   Thumb Code    94  display.o(i.lcd_Output16BitWord)
    lcd_PortInit                             0x200009ed   Thumb Code    68  display.o(i.lcd_PortInit)
    lcd_Reset                                0x20000a49   Thumb Code    22  display.o(i.lcd_Reset)
    lcd_SetCursor                            0x20000a65   Thumb Code    24  display.o(i.lcd_SetCursor)
    lcd_WriteCommand                         0x20000a7d   Thumb Code    48  display.o(i.lcd_WriteCommand)
    lcd_WriteData                            0x20000ab5   Thumb Code    48  display.o(i.lcd_WriteData)
    lcd_WriteLetter                          0x20000aed   Thumb Code   116  display.o(i.lcd_WriteLetter)
    lcd_WriteReg                             0x20000b65   Thumb Code    20  display.o(i.lcd_WriteReg)
    lcd_WriteString                          0x20000b79   Thumb Code    60  display.o(i.lcd_WriteString)
    led_Init                                 0x20000bb5   Thumb Code    38  leds.o(i.led_Init)
    led_Output16BitWord                      0x20000bf1   Thumb Code    94  leds.o(i.led_Output16BitWord)
    led_Write                                0x20000c59   Thumb Code    56  leds.o(i.led_Write)
    main                                     0x20000c95   Thumb Code   202  main.o(i.main)
    mcpr_SetSystemCoreClock                  0x20000ea9   Thumb Code    12  _mcpr_stm32f407.o(i.mcpr_SetSystemCoreClock)
    short2Bitstring                          0x20000eb5   Thumb Code    50  keyboard.o(i.short2Bitstring)
    timer12_CaptureInit                      0x20000ee9   Thumb Code   104  frequency.o(i.timer12_CaptureInit)
    timer12_CheckCapture                     0x20000f5d   Thumb Code    34  frequency.o(i.timer12_CheckCapture)
    timer12_CheckCounter                     0x20000f89   Thumb Code    52  frequency.o(i.timer12_CheckCounter)
    timer12_CounterInit                      0x20000fc5   Thumb Code    38  frequency.o(i.timer12_CounterInit)
    timer12_Init                             0x20000ff1   Thumb Code    96  frequency.o(i.timer12_Init)
    timer7_CheckBackground                   0x2000105d   Thumb Code    70  timer.o(i.timer7_CheckBackground)
    timer7_CheckLed                          0x200010ad   Thumb Code    62  timer.o(i.timer7_CheckLed)
    timer7_Init                              0x200010f1   Thumb Code   130  timer.o(i.timer7_Init)
    u_Delay                                  0x20001185   Thumb Code    20  blinky.o(i.u_Delay)
    _fp_init                                 0x20001199   Thumb Code    10  fpinit.o(x$fpl$fpinit)
    __fplib_config_fpu_vfp                   0x200011a1   Thumb Code     0  fpinit.o(x$fpl$fpinit)
    __fplib_config_pureend_doubles           0x200011a1   Thumb Code     0  fpinit.o(x$fpl$fpinit)
    console_font_12x16                       0x200011a2   Data        8192  display.o(.constdata)
    AHBPrescTable                            0x200031a2   Data          16  system_stm32f4xx.o(.constdata)
    APBPrescTable                            0x200031b2   Data           8  system_stm32f4xx.o(.constdata)
    Region$$Table$$Base                      0x200031bc   Number         0  anon$$obj.o(Region$$Table)
    Region$$Table$$Limit                     0x200031dc   Number         0  anon$$obj.o(Region$$Table)
    milliSec                                 0x20010000   Data           4  main.o(.data)
    capt_old                                 0x20010004   Data           4  main.o(.data)
    capt_new                                 0x20010008   Data           4  main.o(.data)
    tim12_count                              0x2001000c   Data           1  main.o(.data)
    mainTime                                 0x20010010   Data           4  main.o(.data)
    greenTime                                0x20010014   Data           4  main.o(.data)
    backgroundTime                           0x20010018   Data           4  main.o(.data)
    frequency_Counted                        0x2001001c   Data           4  main.o(.data)
    frequency_Captured                       0x20010020   Data           4  main.o(.data)
    greenOn                                  0x20010024   Data           1  main.o(.data)
    userOn                                   0x20010025   Data           1  main.o(.data)
    counterWait                              0x20010028   Data           4  frequency.o(.data)
    difference                               0x2001002c   Data           2  frequency.o(.data)
    SystemCoreClock                          0x20010030   Data           4  system_stm32f4xx.o(.data)
    __libspace_start                         0x20010034   Data          96  libspace.o(.bss)
    __temporary_stack_top$libspace           0x20010094   Data           0  libspace.o(.bss)



==============================================================================

Memory Map of the image

  Image Entry point : 0x20000189

  Load Region LR_IROM1 (Base: 0x20000000, Size: 0x00003210, Max: 0x00010000, ABSOLUTE)

    Execution Region ER_IROM1 (Exec base: 0x20000000, Load base: 0x20000000, Size: 0x000031dc, Max: 0x00010000, ABSOLUTE)

    Exec Addr    Load Addr    Size         Type   Attr      Idx    E Section Name        Object

    0x20000000   0x20000000   0x00000188   Data   RO          466    RESET               startup_stm32f407xx.o
    0x20000188   0x20000188   0x00000008   Code   RO          544  * !!!main             c_w.l(__main.o)
    0x20000190   0x20000190   0x00000034   Code   RO          813    !!!scatter          c_w.l(__scatter.o)
    0x200001c4   0x200001c4   0x0000001a   Code   RO          815    !!handler_copy      c_w.l(__scatter_copy.o)
    0x200001de   0x200001de   0x00000002   PAD
    0x200001e0   0x200001e0   0x0000001c   Code   RO          817    !!handler_zi        c_w.l(__scatter_zi.o)
    0x200001fc   0x200001fc   0x00000000   Code   RO          541    .ARM.Collect$$_printf_percent$$00000000  c_w.l(_printf_percent.o)
    0x200001fc   0x200001fc   0x00000006   Code   RO          540    .ARM.Collect$$_printf_percent$$00000009  c_w.l(_printf_d.o)
    0x20000202   0x20000202   0x00000004   Code   RO          579    .ARM.Collect$$_printf_percent$$00000017  c_w.l(_printf_percent_end.o)
    0x20000206   0x20000206   0x00000002   Code   RO          680    .ARM.Collect$$libinit$$00000000  c_w.l(libinit.o)
    0x20000208   0x20000208   0x00000004   Code   RO          687    .ARM.Collect$$libinit$$00000001  c_w.l(libinit2.o)
    0x2000020c   0x2000020c   0x00000000   Code   RO          690    .ARM.Collect$$libinit$$00000004  c_w.l(libinit2.o)
    0x2000020c   0x2000020c   0x00000000   Code   RO          693    .ARM.Collect$$libinit$$0000000A  c_w.l(libinit2.o)
    0x2000020c   0x2000020c   0x00000000   Code   RO          695    .ARM.Collect$$libinit$$0000000C  c_w.l(libinit2.o)
    0x2000020c   0x2000020c   0x00000000   Code   RO          697    .ARM.Collect$$libinit$$0000000E  c_w.l(libinit2.o)
    0x2000020c   0x2000020c   0x00000000   Code   RO          700    .ARM.Collect$$libinit$$00000011  c_w.l(libinit2.o)
    0x2000020c   0x2000020c   0x00000000   Code   RO          702    .ARM.Collect$$libinit$$00000013  c_w.l(libinit2.o)
    0x2000020c   0x2000020c   0x00000000   Code   RO          704    .ARM.Collect$$libinit$$00000015  c_w.l(libinit2.o)
    0x2000020c   0x2000020c   0x00000000   Code   RO          706    .ARM.Collect$$libinit$$00000017  c_w.l(libinit2.o)
    0x2000020c   0x2000020c   0x00000000   Code   RO          708    .ARM.Collect$$libinit$$00000019  c_w.l(libinit2.o)
    0x2000020c   0x2000020c   0x00000000   Code   RO          710    .ARM.Collect$$libinit$$0000001B  c_w.l(libinit2.o)
    0x2000020c   0x2000020c   0x00000000   Code   RO          712    .ARM.Collect$$libinit$$0000001D  c_w.l(libinit2.o)
    0x2000020c   0x2000020c   0x00000000   Code   RO          714    .ARM.Collect$$libinit$$0000001F  c_w.l(libinit2.o)
    0x2000020c   0x2000020c   0x00000000   Code   RO          716    .ARM.Collect$$libinit$$00000021  c_w.l(libinit2.o)
    0x2000020c   0x2000020c   0x00000000   Code   RO          718    .ARM.Collect$$libinit$$00000023  c_w.l(libinit2.o)
    0x2000020c   0x2000020c   0x00000000   Code   RO          720    .ARM.Collect$$libinit$$00000025  c_w.l(libinit2.o)
    0x2000020c   0x2000020c   0x00000000   Code   RO          724    .ARM.Collect$$libinit$$0000002C  c_w.l(libinit2.o)
    0x2000020c   0x2000020c   0x00000000   Code   RO          726    .ARM.Collect$$libinit$$0000002E  c_w.l(libinit2.o)
    0x2000020c   0x2000020c   0x00000000   Code   RO          728    .ARM.Collect$$libinit$$00000030  c_w.l(libinit2.o)
    0x2000020c   0x2000020c   0x00000000   Code   RO          730    .ARM.Collect$$libinit$$00000032  c_w.l(libinit2.o)
    0x2000020c   0x2000020c   0x00000002   Code   RO          731    .ARM.Collect$$libinit$$00000033  c_w.l(libinit2.o)
    0x2000020e   0x2000020e   0x00000002   Code   RO          753    .ARM.Collect$$libshutdown$$00000000  c_w.l(libshutdown.o)
    0x20000210   0x20000210   0x00000000   Code   RO          766    .ARM.Collect$$libshutdown$$00000002  c_w.l(libshutdown2.o)
    0x20000210   0x20000210   0x00000000   Code   RO          768    .ARM.Collect$$libshutdown$$00000004  c_w.l(libshutdown2.o)
    0x20000210   0x20000210   0x00000000   Code   RO          771    .ARM.Collect$$libshutdown$$00000007  c_w.l(libshutdown2.o)
    0x20000210   0x20000210   0x00000000   Code   RO          774    .ARM.Collect$$libshutdown$$0000000A  c_w.l(libshutdown2.o)
    0x20000210   0x20000210   0x00000000   Code   RO          776    .ARM.Collect$$libshutdown$$0000000C  c_w.l(libshutdown2.o)
    0x20000210   0x20000210   0x00000000   Code   RO          779    .ARM.Collect$$libshutdown$$0000000F  c_w.l(libshutdown2.o)
    0x20000210   0x20000210   0x00000002   Code   RO          780    .ARM.Collect$$libshutdown$$00000010  c_w.l(libshutdown2.o)
    0x20000212   0x20000212   0x00000000   Code   RO          570    .ARM.Collect$$rtentry$$00000000  c_w.l(__rtentry.o)
    0x20000212   0x20000212   0x00000000   Code   RO          639    .ARM.Collect$$rtentry$$00000002  c_w.l(__rtentry2.o)
    0x20000212   0x20000212   0x00000006   Code   RO          651    .ARM.Collect$$rtentry$$00000004  c_w.l(__rtentry4.o)
    0x20000218   0x20000218   0x00000000   Code   RO          641    .ARM.Collect$$rtentry$$00000009  c_w.l(__rtentry2.o)
    0x20000218   0x20000218   0x00000004   Code   RO          642    .ARM.Collect$$rtentry$$0000000A  c_w.l(__rtentry2.o)
    0x2000021c   0x2000021c   0x00000000   Code   RO          644    .ARM.Collect$$rtentry$$0000000C  c_w.l(__rtentry2.o)
    0x2000021c   0x2000021c   0x00000008   Code   RO          645    .ARM.Collect$$rtentry$$0000000D  c_w.l(__rtentry2.o)
    0x20000224   0x20000224   0x00000002   Code   RO          685    .ARM.Collect$$rtexit$$00000000  c_w.l(rtexit.o)
    0x20000226   0x20000226   0x00000000   Code   RO          735    .ARM.Collect$$rtexit$$00000002  c_w.l(rtexit2.o)
    0x20000226   0x20000226   0x00000004   Code   RO          736    .ARM.Collect$$rtexit$$00000003  c_w.l(rtexit2.o)
    0x2000022a   0x2000022a   0x00000006   Code   RO          737    .ARM.Collect$$rtexit$$00000004  c_w.l(rtexit2.o)
    0x20000230   0x20000230   0x00000040   Code   RO          467    .text               startup_stm32f407xx.o
    0x20000270   0x20000270   0x00000028   Code   RO          512    .text               c_w.l(noretval__2sprintf.o)
    0x20000298   0x20000298   0x0000004e   Code   RO          516    .text               c_w.l(_printf_pad.o)
    0x200002e6   0x200002e6   0x00000002   PAD
    0x200002e8   0x200002e8   0x00000078   Code   RO          518    .text               c_w.l(_printf_dec.o)
    0x20000360   0x20000360   0x0000010e   Code   RO          528    .text               c_w.l(__printf_wp.o)
    0x2000046e   0x2000046e   0x00000006   Code   RO          542    .text               c_w.l(heapauxi.o)
    0x20000474   0x20000474   0x000000b2   Code   RO          573    .text               c_w.l(_printf_intcommon.o)
    0x20000526   0x20000526   0x00000002   PAD
    0x20000528   0x20000528   0x00000030   Code   RO          575    .text               c_w.l(_printf_char_common.o)
    0x20000558   0x20000558   0x0000000a   Code   RO          577    .text               c_w.l(_sputc.o)
    0x20000562   0x20000562   0x00000002   PAD
    0x20000564   0x20000564   0x00000008   Code   RO          668    .text               c_w.l(libspace.o)
    0x2000056c   0x2000056c   0x0000004a   Code   RO          671    .text               c_w.l(sys_stackheap_outer.o)
    0x200005b6   0x200005b6   0x00000012   Code   RO          673    .text               c_w.l(exit.o)
    0x200005c8   0x200005c8   0x0000000c   Code   RO          745    .text               c_w.l(sys_exit.o)
    0x200005d4   0x200005d4   0x00000002   Code   RO          756    .text               c_w.l(use_no_semi.o)
    0x200005d6   0x200005d6   0x00000000   Code   RO          758    .text               c_w.l(indicate_semi.o)
    0x200005d6   0x200005d6   0x00000002   PAD
    0x200005d8   0x200005d8   0x000000c0   Code   RO          474    i.SystemCoreClockUpdate  system_stm32f4xx.o
    0x20000698   0x20000698   0x00000064   Code   RO          475    i.SystemInit        system_stm32f4xx.o
    0x200006fc   0x200006fc   0x0000001c   Code   RO            4    i.TIM7_IRQHandler   main.o
    0x20000718   0x20000718   0x0000007c   Code   RO            5    i.TIM8_BRK_TIM12_IRQHandler  main.o
    0x20000794   0x20000794   0x0000000e   Code   RO          530    i._is_digit         c_w.l(__printf_wp.o)
    0x200007a2   0x200007a2   0x00000002   PAD
    0x200007a4   0x200007a4   0x00000058   Code   RO          325    i.keyboard_Check    keyboard.o
    0x200007fc   0x200007fc   0x00000048   Code   RO          326    i.keyboard_Init     keyboard.o
    0x20000844   0x20000844   0x00000050   Code   RO          328    i.keyboard_Read     keyboard.o
    0x20000894   0x20000894   0x00000028   Code   RO          231    i.lcd_ClearDisplay  display.o
    0x200008bc   0x200008bc   0x0000000e   Code   RO          232    i.lcd_DrawPixel     display.o
    0x200008ca   0x200008ca   0x000000b8   Code   RO          233    i.lcd_Init          display.o
    0x20000982   0x20000982   0x00000002   PAD
    0x20000984   0x20000984   0x00000068   Code   RO          234    i.lcd_Output16BitWord  display.o
    0x200009ec   0x200009ec   0x0000005c   Code   RO          235    i.lcd_PortInit      display.o
    0x20000a48   0x20000a48   0x0000001c   Code   RO          236    i.lcd_Reset         display.o
    0x20000a64   0x20000a64   0x00000018   Code   RO          237    i.lcd_SetCursor     display.o
    0x20000a7c   0x20000a7c   0x00000038   Code   RO          238    i.lcd_WriteCommand  display.o
    0x20000ab4   0x20000ab4   0x00000038   Code   RO          239    i.lcd_WriteData     display.o
    0x20000aec   0x20000aec   0x00000078   Code   RO          240    i.lcd_WriteLetter   display.o
    0x20000b64   0x20000b64   0x00000014   Code   RO          241    i.lcd_WriteReg      display.o
    0x20000b78   0x20000b78   0x0000003c   Code   RO          242    i.lcd_WriteString   display.o
    0x20000bb4   0x20000bb4   0x0000003c   Code   RO          185    i.led_Init          leds.o
    0x20000bf0   0x20000bf0   0x00000068   Code   RO          187    i.led_Output16BitWord  leds.o
    0x20000c58   0x20000c58   0x0000003c   Code   RO          188    i.led_Write         leds.o
    0x20000c94   0x20000c94   0x00000118   Code   RO            6    i.main              main.o
    0x20000dac   0x20000dac   0x000000fc   Code   RO           98    i.mcpr_SetSysClock  _mcpr_stm32f407.o
    0x20000ea8   0x20000ea8   0x0000000c   Code   RO          100    i.mcpr_SetSystemCoreClock  _mcpr_stm32f407.o
    0x20000eb4   0x20000eb4   0x00000032   Code   RO          329    i.short2Bitstring   keyboard.o
    0x20000ee6   0x20000ee6   0x00000002   PAD
    0x20000ee8   0x20000ee8   0x00000074   Code   RO          416    i.timer12_CaptureInit  frequency.o
    0x20000f5c   0x20000f5c   0x0000002c   Code   RO          417    i.timer12_CheckCapture  frequency.o
    0x20000f88   0x20000f88   0x0000003c   Code   RO          418    i.timer12_CheckCounter  frequency.o
    0x20000fc4   0x20000fc4   0x0000002c   Code   RO          419    i.timer12_CounterInit  frequency.o
    0x20000ff0   0x20000ff0   0x0000006c   Code   RO          420    i.timer12_Init      frequency.o
    0x2000105c   0x2000105c   0x00000050   Code   RO          376    i.timer7_CheckBackground  timer.o
    0x200010ac   0x200010ac   0x00000044   Code   RO          377    i.timer7_CheckLed   timer.o
    0x200010f0   0x200010f0   0x00000094   Code   RO          378    i.timer7_Init       timer.o
    0x20001184   0x20001184   0x00000014   Code   RO          147    i.u_Delay           blinky.o
    0x20001198   0x20001198   0x0000000a   Code   RO          743    x$fpl$fpinit        fz_wm.l(fpinit.o)
    0x200011a2   0x200011a2   0x00002000   Data   RO          243    .constdata          display.o
    0x200031a2   0x200031a2   0x00000018   Data   RO          476    .constdata          system_stm32f4xx.o
    0x200031ba   0x200031ba   0x00000002   PAD
    0x200031bc   0x200031bc   0x00000020   Data   RO          811    Region$$Table       anon$$obj.o


    Execution Region RW_IRAM1 (Exec base: 0x20010000, Load base: 0x200031dc, Size: 0x00000698, Max: 0x00010000, ABSOLUTE)

    Exec Addr    Load Addr    Size         Type   Attr      Idx    E Section Name        Object

    0x20010000   0x200031dc   0x00000026   Data   RW            7    .data               main.o
    0x20010026   0x20003202   0x00000002   PAD
    0x20010028   0x20003204   0x00000006   Data   RW          421    .data               frequency.o
    0x2001002e   0x2000320a   0x00000002   PAD
    0x20010030   0x2000320c   0x00000004   Data   RW          477    .data               system_stm32f4xx.o
    0x20010034        -       0x00000060   Zero   RW          669    .bss                c_w.l(libspace.o)
    0x20010094   0x20003210   0x00000004   PAD
    0x20010098        -       0x00000200   Zero   RW          465    HEAP                startup_stm32f407xx.o
    0x20010298        -       0x00000400   Zero   RW          464    STACK               startup_stm32f407xx.o


==============================================================================

Image component sizes


      Code (inc. data)   RO Data    RW Data    ZI Data      Debug   Object Name

       264         26          0          0          0       1654   _mcpr_stm32f407.o
        20          0          0          0          0        466   blinky.o
       798         60       8192          0          0       6862   display.o
       372         48          0          6          0       3630   frequency.o
       290         26          0          0          0       2195   keyboard.o
       224         36          0          0          0       1361   leds.o
       432        110          0         38          0     596803   main.o
        64         26        392          0       1536        848   startup_stm32f407xx.o
       292         40         24          4          0       2131   system_stm32f4xx.o
       296         34          0          0          0      32556   timer.o

    ----------------------------------------------------------------------
      3056        406       8642         52       1536     648506   Object Totals
         0          0         32          0          0          0   (incl. Generated)
         4          0          2          4          0          0   (incl. Padding)

    ----------------------------------------------------------------------

      Code (inc. data)   RO Data    RW Data    ZI Data      Debug   Library Member Name

         8          0          0          0          0         68   __main.o
       284          0          0          0          0        156   __printf_wp.o
         0          0          0          0          0          0   __rtentry.o
        12          0          0          0          0          0   __rtentry2.o
         6          0          0          0          0          0   __rtentry4.o
        52          8          0          0          0          0   __scatter.o
        26          0          0          0          0          0   __scatter_copy.o
        28          0          0          0          0          0   __scatter_zi.o
        48          6          0          0          0         96   _printf_char_common.o
         6          0          0          0          0          0   _printf_d.o
       120         16          0          0          0         92   _printf_dec.o
       178          0          0          0          0         88   _printf_intcommon.o
        78          0          0          0          0        108   _printf_pad.o
         0          0          0          0          0          0   _printf_percent.o
         4          0          0          0          0          0   _printf_percent_end.o
        10          0          0          0          0         68   _sputc.o
        18          0          0          0          0         80   exit.o
         6          0          0          0          0        152   heapauxi.o
         0          0          0          0          0          0   indicate_semi.o
         2          0          0          0          0          0   libinit.o
         6          0          0          0          0          0   libinit2.o
         2          0          0          0          0          0   libshutdown.o
         2          0          0          0          0          0   libshutdown2.o
         8          4          0          0         96         68   libspace.o
        40          6          0          0          0         84   noretval__2sprintf.o
         2          0          0          0          0          0   rtexit.o
        10          0          0          0          0          0   rtexit2.o
        12          4          0          0          0         68   sys_exit.o
        74          0          0          0          0         80   sys_stackheap_outer.o
         2          0          0          0          0         68   use_no_semi.o
        10          0          0          0          0        116   fpinit.o

    ----------------------------------------------------------------------
      1066         44          0          0        100       1392   Library Totals
        12          0          0          0          4          0   (incl. Padding)

    ----------------------------------------------------------------------

      Code (inc. data)   RO Data    RW Data    ZI Data      Debug   Library Name

      1044         44          0          0         96       1276   c_w.l
        10          0          0          0          0        116   fz_wm.l

    ----------------------------------------------------------------------
      1066         44          0          0        100       1392   Library Totals

    ----------------------------------------------------------------------

==============================================================================


      Code (inc. data)   RO Data    RW Data    ZI Data      Debug   

      4122        450       8642         52       1636     646226   Grand Totals
      4122        450       8642         52       1636     646226   ELF Image Totals
      4122        450       8642         52          0          0   ROM Totals

==============================================================================

    Total RO  Size (Code + RO Data)                12764 (  12.46kB)
    Total RW  Size (RW Data + ZI Data)              1688 (   1.65kB)
    Total ROM Size (Code + RO Data + RW Data)      12816 (  12.52kB)

==============================================================================

